TimeQuest Timing Analyzer report for parte_f
Thu Nov 07 12:44:03 2024
Quartus II 64-Bit Version 13.0.1 Build 232 06/12/2013 Service Pack 1 SJ Web Edition


---------------------
; Table of Contents ;
---------------------
  1. Legal Notice
  2. TimeQuest Timing Analyzer Summary
  3. Parallel Compilation
  4. Clocks
  5. Slow 1200mV 85C Model Fmax Summary
  6. Timing Closure Recommendations
  7. Slow 1200mV 85C Model Setup Summary
  8. Slow 1200mV 85C Model Hold Summary
  9. Slow 1200mV 85C Model Recovery Summary
 10. Slow 1200mV 85C Model Removal Summary
 11. Slow 1200mV 85C Model Minimum Pulse Width Summary
 12. Propagation Delay
 13. Minimum Propagation Delay
 14. Slow 1200mV 85C Model Metastability Report
 15. Slow 1200mV 0C Model Fmax Summary
 16. Slow 1200mV 0C Model Setup Summary
 17. Slow 1200mV 0C Model Hold Summary
 18. Slow 1200mV 0C Model Recovery Summary
 19. Slow 1200mV 0C Model Removal Summary
 20. Slow 1200mV 0C Model Minimum Pulse Width Summary
 21. Propagation Delay
 22. Minimum Propagation Delay
 23. Slow 1200mV 0C Model Metastability Report
 24. Fast 1200mV 0C Model Setup Summary
 25. Fast 1200mV 0C Model Hold Summary
 26. Fast 1200mV 0C Model Recovery Summary
 27. Fast 1200mV 0C Model Removal Summary
 28. Fast 1200mV 0C Model Minimum Pulse Width Summary
 29. Propagation Delay
 30. Minimum Propagation Delay
 31. Fast 1200mV 0C Model Metastability Report
 32. Multicorner Timing Analysis Summary
 33. Progagation Delay
 34. Minimum Progagation Delay
 35. Board Trace Model Assignments
 36. Input Transition Times
 37. Slow Corner Signal Integrity Metrics
 38. Fast Corner Signal Integrity Metrics
 39. Clock Transfers
 40. Report TCCS
 41. Report RSKM
 42. Unconstrained Paths
 43. TimeQuest Timing Analyzer Messages



----------------
; Legal Notice ;
----------------
Copyright (C) 1991-2013 Altera Corporation
Your use of Altera Corporation's design tools, logic functions 
and other software and tools, and its AMPP partner logic 
functions, and any output files from any of the foregoing 
(including device programming or simulation files), and any 
associated documentation or information are expressly subject 
to the terms and conditions of the Altera Program License 
Subscription Agreement, Altera MegaCore Function License 
Agreement, or other applicable license agreement, including, 
without limitation, that your use is for the sole purpose of 
programming logic devices manufactured by Altera and sold by 
Altera or its authorized distributors.  Please refer to the 
applicable agreement for further details.



+----------------------------------------------------------------------------------------+
; TimeQuest Timing Analyzer Summary                                                      ;
+--------------------+-------------------------------------------------------------------+
; Quartus II Version ; Version 13.0.1 Build 232 06/12/2013 Service Pack 1 SJ Web Edition ;
; Revision Name      ; parte_f                                                           ;
; Device Family      ; Cyclone III                                                       ;
; Device Name        ; EP3C120F780C7                                                     ;
; Timing Models      ; Final                                                             ;
; Delay Model        ; Combined                                                          ;
; Rise/Fall Delays   ; Enabled                                                           ;
+--------------------+-------------------------------------------------------------------+


Parallel compilation was disabled, but you have multiple processors available. Enable parallel compilation to reduce compilation time.
+-------------------------------------+
; Parallel Compilation                ;
+----------------------------+--------+
; Processors                 ; Number ;
+----------------------------+--------+
; Number detected on machine ; 8      ;
; Maximum allowed            ; 1      ;
+----------------------------+--------+


----------
; Clocks ;
----------
No clocks to report.


--------------------------------------
; Slow 1200mV 85C Model Fmax Summary ;
--------------------------------------
No paths to report.


----------------------------------
; Timing Closure Recommendations ;
----------------------------------
HTML report is unavailable in plain text report export.


---------------------------------------
; Slow 1200mV 85C Model Setup Summary ;
---------------------------------------
No paths to report.


--------------------------------------
; Slow 1200mV 85C Model Hold Summary ;
--------------------------------------
No paths to report.


------------------------------------------
; Slow 1200mV 85C Model Recovery Summary ;
------------------------------------------
No paths to report.


-----------------------------------------
; Slow 1200mV 85C Model Removal Summary ;
-----------------------------------------
No paths to report.


-----------------------------------------------------
; Slow 1200mV 85C Model Minimum Pulse Width Summary ;
-----------------------------------------------------
No paths to report.


+--------------------------------------------------------------+
; Propagation Delay                                            ;
+------------+-------------+--------+--------+--------+--------+
; Input Port ; Output Port ; RR     ; RF     ; FR     ; FF     ;
+------------+-------------+--------+--------+--------+--------+
; a[0]       ; z[0]        ; 16.952 ; 16.836 ; 16.842 ; 16.938 ;
; a[0]       ; z[1]        ; 14.588 ; 14.169 ; 14.397 ; 14.620 ;
; a[0]       ; z[2]        ; 11.104 ; 11.392 ; 11.637 ; 11.201 ;
; a[0]       ; z[3]        ; 8.532  ;        ;        ; 8.701  ;
; a[1]       ; z[0]        ; 19.481 ; 19.365 ; 19.803 ; 19.687 ;
; a[1]       ; z[1]        ; 17.117 ; 16.913 ; 17.439 ; 17.048 ;
; a[1]       ; z[2]        ; 13.930 ; 13.921 ; 14.065 ; 14.243 ;
; a[1]       ; z[3]        ; 11.061 ; 10.994 ; 11.383 ; 11.129 ;
; a[1]       ; z[4]        ; 8.739  ;        ;        ; 8.968  ;
; a[2]       ; z[0]        ; 22.466 ; 22.350 ; 22.735 ; 22.619 ;
; a[2]       ; z[1]        ; 20.102 ; 19.711 ; 20.371 ; 20.167 ;
; a[2]       ; z[2]        ; 16.728 ; 16.906 ; 17.184 ; 17.175 ;
; a[2]       ; z[3]        ; 14.046 ; 13.792 ; 14.315 ; 14.248 ;
; a[2]       ; z[4]        ; 11.204 ; 11.631 ; 11.993 ; 11.330 ;
; a[2]       ; z[5]        ; 8.993  ;        ;        ; 9.142  ;
; a[3]       ; z[0]        ; 25.457 ; 25.341 ; 25.608 ; 25.492 ;
; a[3]       ; z[1]        ; 23.093 ; 22.889 ; 23.244 ; 22.853 ;
; a[3]       ; z[2]        ; 19.906 ; 19.897 ; 19.870 ; 20.048 ;
; a[3]       ; z[3]        ; 17.037 ; 16.970 ; 17.188 ; 16.934 ;
; a[3]       ; z[4]        ; 14.715 ; 14.083 ; 14.373 ; 14.773 ;
; a[3]       ; z[5]        ; 11.445 ; 11.864 ; 12.135 ; 11.522 ;
; a[3]       ; z[6]        ; 9.985  ;        ;        ; 10.040 ;
; a[4]       ; z[0]        ; 28.075 ; 27.959 ; 28.356 ; 28.240 ;
; a[4]       ; z[1]        ; 25.711 ; 25.482 ; 25.992 ; 25.788 ;
; a[4]       ; z[2]        ; 22.499 ; 22.515 ; 22.805 ; 22.796 ;
; a[4]       ; z[3]        ; 19.655 ; 19.563 ; 19.936 ; 19.869 ;
; a[4]       ; z[4]        ; 17.308 ; 17.240 ; 17.614 ; 17.273 ;
; a[4]       ; z[5]        ; 14.602 ; 14.457 ; 14.635 ; 14.763 ;
; a[4]       ; z[6]        ; 12.578 ; 12.507 ; 12.884 ; 12.540 ;
; a[4]       ; z[7]        ; 8.930  ;        ;        ; 9.098  ;
; a[5]       ; z[0]        ; 30.909 ; 30.793 ; 31.064 ; 30.948 ;
; a[5]       ; z[1]        ; 28.545 ; 28.341 ; 28.700 ; 28.471 ;
; a[5]       ; z[2]        ; 25.358 ; 25.349 ; 25.488 ; 25.504 ;
; a[5]       ; z[3]        ; 22.489 ; 22.422 ; 22.644 ; 22.552 ;
; a[5]       ; z[4]        ; 20.167 ; 20.032 ; 20.297 ; 20.229 ;
; a[5]       ; z[5]        ; 17.394 ; 17.316 ; 17.591 ; 17.446 ;
; a[5]       ; z[6]        ; 15.437 ; 15.299 ; 15.567 ; 15.496 ;
; a[5]       ; z[7]        ; 11.722 ; 11.651 ; 11.919 ; 11.704 ;
; a[5]       ; z[8]        ; 9.184  ;        ;        ; 9.381  ;
; b[0]       ; z[0]        ; 41.044 ; 40.928 ; 41.592 ; 41.476 ;
; b[0]       ; z[1]        ; 38.680 ; 38.451 ; 39.228 ; 38.999 ;
; b[0]       ; z[2]        ; 35.468 ; 35.484 ; 36.016 ; 36.032 ;
; b[0]       ; z[3]        ; 32.624 ; 32.532 ; 33.172 ; 33.080 ;
; b[0]       ; z[4]        ; 30.277 ; 30.209 ; 30.825 ; 30.757 ;
; b[0]       ; z[5]        ; 27.571 ; 27.426 ; 28.119 ; 27.974 ;
; b[0]       ; z[6]        ; 25.547 ; 25.476 ; 26.095 ; 26.024 ;
; b[0]       ; z[7]        ; 21.899 ; 21.684 ; 22.447 ; 22.232 ;
; b[0]       ; z[8]        ; 19.102 ; 19.361 ; 19.650 ; 19.909 ;
; b[0]       ; z[9]        ; 16.618 ; 16.787 ; 17.166 ; 17.335 ;
; b[1]       ; z[0]        ; 41.079 ; 40.963 ; 41.383 ; 41.267 ;
; b[1]       ; z[1]        ; 38.715 ; 38.486 ; 39.019 ; 38.790 ;
; b[1]       ; z[2]        ; 35.503 ; 35.519 ; 35.807 ; 35.823 ;
; b[1]       ; z[3]        ; 32.659 ; 32.567 ; 32.963 ; 32.871 ;
; b[1]       ; z[4]        ; 30.312 ; 30.244 ; 30.616 ; 30.548 ;
; b[1]       ; z[5]        ; 27.606 ; 27.461 ; 27.910 ; 27.765 ;
; b[1]       ; z[6]        ; 25.582 ; 25.511 ; 25.886 ; 25.815 ;
; b[1]       ; z[7]        ; 21.934 ; 21.719 ; 22.238 ; 22.023 ;
; b[1]       ; z[8]        ; 19.137 ; 19.396 ; 19.441 ; 19.700 ;
; b[1]       ; z[9]        ; 16.653 ; 16.822 ; 16.957 ; 17.126 ;
; b[2]       ; z[0]        ; 40.941 ; 40.825 ; 41.478 ; 41.362 ;
; b[2]       ; z[1]        ; 38.577 ; 38.348 ; 39.114 ; 38.885 ;
; b[2]       ; z[2]        ; 35.365 ; 35.381 ; 35.902 ; 35.918 ;
; b[2]       ; z[3]        ; 32.521 ; 32.429 ; 33.058 ; 32.966 ;
; b[2]       ; z[4]        ; 30.174 ; 30.106 ; 30.711 ; 30.643 ;
; b[2]       ; z[5]        ; 27.468 ; 27.323 ; 28.005 ; 27.860 ;
; b[2]       ; z[6]        ; 25.444 ; 25.373 ; 25.981 ; 25.910 ;
; b[2]       ; z[7]        ; 21.796 ; 21.581 ; 22.333 ; 22.118 ;
; b[2]       ; z[8]        ; 18.999 ; 19.258 ; 19.536 ; 19.795 ;
; b[2]       ; z[9]        ; 16.515 ; 16.684 ; 17.052 ; 17.221 ;
; b[3]       ; z[0]        ; 40.060 ; 39.944 ; 40.399 ; 40.283 ;
; b[3]       ; z[1]        ; 37.696 ; 37.467 ; 38.035 ; 37.806 ;
; b[3]       ; z[2]        ; 34.484 ; 34.500 ; 34.823 ; 34.839 ;
; b[3]       ; z[3]        ; 31.640 ; 31.548 ; 31.979 ; 31.887 ;
; b[3]       ; z[4]        ; 29.293 ; 29.225 ; 29.632 ; 29.564 ;
; b[3]       ; z[5]        ; 26.587 ; 26.442 ; 26.926 ; 26.781 ;
; b[3]       ; z[6]        ; 24.563 ; 24.492 ; 24.902 ; 24.831 ;
; b[3]       ; z[7]        ; 20.915 ; 20.700 ; 21.254 ; 21.039 ;
; b[3]       ; z[8]        ; 18.118 ; 18.377 ; 18.457 ; 18.716 ;
; b[3]       ; z[9]        ; 15.634 ; 15.803 ; 15.973 ; 16.142 ;
; b[4]       ; z[0]        ; 39.390 ; 39.274 ; 39.721 ; 39.605 ;
; b[4]       ; z[1]        ; 37.026 ; 36.797 ; 37.357 ; 37.128 ;
; b[4]       ; z[2]        ; 33.814 ; 33.830 ; 34.145 ; 34.161 ;
; b[4]       ; z[3]        ; 30.970 ; 30.878 ; 31.301 ; 31.209 ;
; b[4]       ; z[4]        ; 28.623 ; 28.555 ; 28.954 ; 28.886 ;
; b[4]       ; z[5]        ; 25.917 ; 25.772 ; 26.248 ; 26.103 ;
; b[4]       ; z[6]        ; 23.893 ; 23.822 ; 24.224 ; 24.153 ;
; b[4]       ; z[7]        ; 20.245 ; 20.030 ; 20.576 ; 20.361 ;
; b[4]       ; z[8]        ; 17.448 ; 17.707 ; 17.779 ; 18.038 ;
; b[4]       ; z[9]        ; 14.964 ; 15.133 ; 15.295 ; 15.464 ;
; b[5]       ; z[0]        ; 39.214 ; 39.098 ; 39.534 ; 39.418 ;
; b[5]       ; z[1]        ; 36.850 ; 36.621 ; 37.170 ; 36.941 ;
; b[5]       ; z[2]        ; 33.638 ; 33.654 ; 33.958 ; 33.974 ;
; b[5]       ; z[3]        ; 30.794 ; 30.702 ; 31.114 ; 31.022 ;
; b[5]       ; z[4]        ; 28.447 ; 28.379 ; 28.767 ; 28.699 ;
; b[5]       ; z[5]        ; 25.741 ; 25.596 ; 26.061 ; 25.916 ;
; b[5]       ; z[6]        ; 23.717 ; 23.646 ; 24.037 ; 23.966 ;
; b[5]       ; z[7]        ; 20.069 ; 19.854 ; 20.389 ; 20.174 ;
; b[5]       ; z[8]        ; 17.272 ; 17.531 ; 17.592 ; 17.851 ;
; b[5]       ; z[9]        ; 14.788 ; 14.957 ; 15.108 ; 15.277 ;
+------------+-------------+--------+--------+--------+--------+


+--------------------------------------------------------------+
; Minimum Propagation Delay                                    ;
+------------+-------------+--------+--------+--------+--------+
; Input Port ; Output Port ; RR     ; RF     ; FR     ; FF     ;
+------------+-------------+--------+--------+--------+--------+
; a[0]       ; z[0]        ; 10.050 ; 10.166 ; 10.509 ; 10.326 ;
; a[0]       ; z[1]        ; 9.491  ; 10.102 ; 10.462 ; 9.793  ;
; a[0]       ; z[2]        ; 8.905  ; 9.677  ; 9.949  ; 9.242  ;
; a[0]       ; z[3]        ; 8.011  ;        ;        ; 8.351  ;
; a[1]       ; z[0]        ; 10.227 ; 10.820 ; 11.219 ; 10.587 ;
; a[1]       ; z[1]        ; 10.176 ; 10.718 ; 11.123 ; 10.531 ;
; a[1]       ; z[2]        ; 9.559  ; 10.049 ; 10.444 ; 9.968  ;
; a[1]       ; z[3]        ; 8.627  ; 9.466  ; 9.839  ; 9.012  ;
; a[1]       ; z[4]        ; 8.202  ;        ;        ; 8.613  ;
; a[2]       ; z[0]        ; 11.021 ; 11.482 ; 11.739 ; 11.294 ;
; a[2]       ; z[1]        ; 10.607 ; 11.155 ; 11.553 ; 10.937 ;
; a[2]       ; z[2]        ; 10.263 ; 10.460 ; 10.744 ; 10.590 ;
; a[2]       ; z[3]        ; 9.064  ; 9.685  ; 10.052 ; 9.442  ;
; a[2]       ; z[4]        ; 8.779  ; 9.514  ; 9.836  ; 9.107  ;
; a[2]       ; z[5]        ; 8.450  ;        ;        ; 8.771  ;
; a[3]       ; z[0]        ; 11.178 ; 11.619 ; 11.894 ; 11.449 ;
; a[3]       ; z[1]        ; 11.399 ; 11.607 ; 11.935 ; 11.656 ;
; a[3]       ; z[2]        ; 10.618 ; 10.899 ; 11.248 ; 10.901 ;
; a[3]       ; z[3]        ; 9.896  ; 10.127 ; 10.427 ; 10.187 ;
; a[3]       ; z[4]        ; 9.266  ; 9.712  ; 10.051 ; 9.542  ;
; a[3]       ; z[5]        ; 9.123  ; 9.571  ; 9.908  ; 9.401  ;
; a[3]       ; z[6]        ; 9.458  ;        ;        ; 9.685  ;
; a[4]       ; z[0]        ; 13.117 ; 13.124 ; 13.418 ; 13.425 ;
; a[4]       ; z[1]        ; 12.006 ; 12.303 ; 12.654 ; 12.221 ;
; a[4]       ; z[2]        ; 11.500 ; 11.413 ; 11.768 ; 11.714 ;
; a[4]       ; z[3]        ; 10.826 ; 11.022 ; 11.373 ; 11.082 ;
; a[4]       ; z[4]        ; 10.396 ; 10.297 ; 10.664 ; 10.598 ;
; a[4]       ; z[5]        ; 10.071 ; 10.370 ; 10.719 ; 10.349 ;
; a[4]       ; z[6]        ; 10.439 ; 10.731 ; 11.138 ; 10.649 ;
; a[4]       ; z[7]        ; 8.393  ;        ;        ; 8.738  ;
; a[5]       ; z[0]        ; 13.741 ; 13.781 ; 13.856 ; 13.863 ;
; a[5]       ; z[1]        ; 13.654 ; 13.830 ; 13.925 ; 13.803 ;
; a[5]       ; z[2]        ; 11.914 ; 12.212 ; 12.596 ; 12.152 ;
; a[5]       ; z[3]        ; 11.519 ; 11.821 ; 12.201 ; 11.761 ;
; a[5]       ; z[4]        ; 11.119 ; 11.083 ; 11.529 ; 11.398 ;
; a[5]       ; z[5]        ; 11.019 ; 11.244 ; 11.542 ; 11.258 ;
; a[5]       ; z[6]        ; 11.432 ; 11.355 ; 11.842 ; 11.701 ;
; a[5]       ; z[7]        ; 9.476  ; 10.039 ; 10.323 ; 9.799  ;
; a[5]       ; z[8]        ; 8.633  ;        ;        ; 9.005  ;
; b[0]       ; z[0]        ; 8.486  ; 8.099  ; 8.412  ; 8.860  ;
; b[0]       ; z[1]        ; 8.891  ; 8.488  ; 8.818  ; 9.252  ;
; b[0]       ; z[2]        ; 9.597  ; 8.322  ; 8.626  ; 9.943  ;
; b[0]       ; z[3]        ; 9.633  ; 8.059  ; 8.360  ; 9.931  ;
; b[0]       ; z[4]        ; 9.724  ; 8.453  ; 8.762  ; 10.002 ;
; b[0]       ; z[5]        ; 9.847  ; 8.708  ; 9.021  ; 10.081 ;
; b[0]       ; z[6]        ; 11.079 ; 9.684  ; 10.051 ; 11.255 ;
; b[0]       ; z[7]        ; 9.238  ; 8.725  ; 9.012  ; 9.547  ;
; b[0]       ; z[8]        ; 9.054  ; 8.670  ; 8.933  ; 9.395  ;
; b[0]       ; z[9]        ; 8.781  ; 8.516  ; 8.697  ; 9.187  ;
; b[1]       ; z[0]        ; 9.445  ; 7.991  ; 8.333  ; 9.864  ;
; b[1]       ; z[1]        ; 9.667  ; 8.357  ; 8.708  ; 10.016 ;
; b[1]       ; z[2]        ; 9.836  ; 8.286  ; 8.603  ; 10.182 ;
; b[1]       ; z[3]        ; 9.448  ; 8.273  ; 8.567  ; 9.843  ;
; b[1]       ; z[4]        ; 9.674  ; 8.334  ; 8.676  ; 9.963  ;
; b[1]       ; z[5]        ; 9.400  ; 8.663  ; 9.003  ; 9.682  ;
; b[1]       ; z[6]        ; 10.745 ; 9.293  ; 9.696  ; 10.932 ;
; b[1]       ; z[7]        ; 9.991  ; 8.347  ; 8.650  ; 10.272 ;
; b[1]       ; z[8]        ; 10.232 ; 8.881  ; 9.150  ; 10.541 ;
; b[1]       ; z[9]        ; 9.609  ; 8.819  ; 8.988  ; 10.028 ;
; b[2]       ; z[0]        ; 9.429  ; 8.001  ; 8.305  ; 9.771  ;
; b[2]       ; z[1]        ; 9.567  ; 8.341  ; 8.632  ; 9.895  ;
; b[2]       ; z[2]        ; 9.895  ; 8.225  ; 8.510  ; 10.226 ;
; b[2]       ; z[3]        ; 9.221  ; 8.567  ; 8.800  ; 9.576  ;
; b[2]       ; z[4]        ; 9.167  ; 8.064  ; 8.379  ; 9.504  ;
; b[2]       ; z[5]        ; 9.551  ; 8.102  ; 8.438  ; 9.914  ;
; b[2]       ; z[6]        ; 11.150 ; 9.254  ; 9.639  ; 11.397 ;
; b[2]       ; z[7]        ; 9.643  ; 8.603  ; 8.874  ; 9.926  ;
; b[2]       ; z[8]        ; 9.563  ; 8.521  ; 8.796  ; 9.904  ;
; b[2]       ; z[9]        ; 9.464  ; 8.146  ; 8.364  ; 9.858  ;
; b[3]       ; z[0]        ; 9.395  ; 8.163  ; 8.497  ; 9.772  ;
; b[3]       ; z[1]        ; 9.718  ; 8.516  ; 8.876  ; 10.102 ;
; b[3]       ; z[2]        ; 10.033 ; 8.377  ; 8.724  ; 10.440 ;
; b[3]       ; z[3]        ; 9.372  ; 8.969  ; 9.274  ; 9.776  ;
; b[3]       ; z[4]        ; 9.808  ; 8.202  ; 8.593  ; 10.112 ;
; b[3]       ; z[5]        ; 10.810 ; 8.791  ; 9.147  ; 11.101 ;
; b[3]       ; z[6]        ; 11.379 ; 10.513 ; 10.894 ; 11.602 ;
; b[3]       ; z[7]        ; 10.239 ; 9.022  ; 9.342  ; 10.602 ;
; b[3]       ; z[8]        ; 10.057 ; 8.947  ; 9.256  ; 10.456 ;
; b[3]       ; z[9]        ; 9.831  ; 8.809  ; 9.041  ; 10.316 ;
; b[4]       ; z[0]        ; 9.109  ; 7.911  ; 8.237  ; 9.468  ;
; b[4]       ; z[1]        ; 9.556  ; 8.235  ; 8.578  ; 9.902  ;
; b[4]       ; z[2]        ; 9.610  ; 8.158  ; 8.478  ; 9.980  ;
; b[4]       ; z[3]        ; 9.329  ; 8.118  ; 8.417  ; 9.709  ;
; b[4]       ; z[4]        ; 9.618  ; 8.211  ; 8.551  ; 9.945  ;
; b[4]       ; z[5]        ; 9.737  ; 8.904  ; 9.201  ; 10.112 ;
; b[4]       ; z[6]        ; 11.549 ; 9.440  ; 9.837  ; 11.701 ;
; b[4]       ; z[7]        ; 9.910  ; 9.025  ; 9.279  ; 10.239 ;
; b[4]       ; z[8]        ; 9.750  ; 9.026  ; 9.263  ; 10.088 ;
; b[4]       ; z[9]        ; 9.205  ; 8.334  ; 8.544  ; 9.667  ;
; b[5]       ; z[0]        ; 9.707  ; 7.709  ; 8.022  ; 10.070 ;
; b[5]       ; z[1]        ; 9.332  ; 8.327  ; 8.659  ; 9.708  ;
; b[5]       ; z[2]        ; 9.296  ; 8.003  ; 8.330  ; 9.631  ;
; b[5]       ; z[3]        ; 9.287  ; 7.743  ; 8.040  ; 9.575  ;
; b[5]       ; z[4]        ; 9.426  ; 8.022  ; 8.364  ; 9.733  ;
; b[5]       ; z[5]        ; 9.606  ; 8.570  ; 8.882  ; 9.874  ;
; b[5]       ; z[6]        ; 10.112 ; 9.518  ; 9.886  ; 10.350 ;
; b[5]       ; z[7]        ; 9.049  ; 7.774  ; 8.114  ; 9.392  ;
; b[5]       ; z[8]        ; 8.930  ; 7.733  ; 8.058  ; 9.315  ;
; b[5]       ; z[9]        ; 8.365  ; 7.653  ; 7.900  ; 8.747  ;
+------------+-------------+--------+--------+--------+--------+


----------------------------------------------
; Slow 1200mV 85C Model Metastability Report ;
----------------------------------------------
No synchronizer chains to report.


-------------------------------------
; Slow 1200mV 0C Model Fmax Summary ;
-------------------------------------
No paths to report.


--------------------------------------
; Slow 1200mV 0C Model Setup Summary ;
--------------------------------------
No paths to report.


-------------------------------------
; Slow 1200mV 0C Model Hold Summary ;
-------------------------------------
No paths to report.


-----------------------------------------
; Slow 1200mV 0C Model Recovery Summary ;
-----------------------------------------
No paths to report.


----------------------------------------
; Slow 1200mV 0C Model Removal Summary ;
----------------------------------------
No paths to report.


----------------------------------------------------
; Slow 1200mV 0C Model Minimum Pulse Width Summary ;
----------------------------------------------------
No paths to report.


+--------------------------------------------------------------+
; Propagation Delay                                            ;
+------------+-------------+--------+--------+--------+--------+
; Input Port ; Output Port ; RR     ; RF     ; FR     ; FF     ;
+------------+-------------+--------+--------+--------+--------+
; a[0]       ; z[0]        ; 15.505 ; 15.408 ; 15.367 ; 15.484 ;
; a[0]       ; z[1]        ; 13.386 ; 12.979 ; 13.165 ; 13.378 ;
; a[0]       ; z[2]        ; 10.202 ; 10.470 ; 10.675 ; 10.249 ;
; a[0]       ; z[3]        ; 7.874  ;        ;        ; 8.011  ;
; a[1]       ; z[0]        ; 17.786 ; 17.689 ; 18.085 ; 17.988 ;
; a[1]       ; z[1]        ; 15.667 ; 15.469 ; 15.966 ; 15.559 ;
; a[1]       ; z[2]        ; 12.766 ; 12.751 ; 12.854 ; 13.050 ;
; a[1]       ; z[3]        ; 10.155 ; 10.102 ; 10.454 ; 10.190 ;
; a[1]       ; z[4]        ; 8.057  ;        ;        ; 8.257  ;
; a[2]       ; z[0]        ; 20.511 ; 20.414 ; 20.759 ; 20.662 ;
; a[2]       ; z[1]        ; 18.392 ; 17.985 ; 18.640 ; 18.442 ;
; a[2]       ; z[2]        ; 15.280 ; 15.476 ; 15.739 ; 15.724 ;
; a[2]       ; z[3]        ; 12.880 ; 12.616 ; 13.128 ; 13.075 ;
; a[2]       ; z[4]        ; 10.308 ; 10.683 ; 11.030 ; 10.380 ;
; a[2]       ; z[5]        ; 8.322  ;        ;        ; 8.421  ;
; a[3]       ; z[0]        ; 23.215 ; 23.118 ; 23.353 ; 23.256 ;
; a[3]       ; z[1]        ; 21.096 ; 20.898 ; 21.234 ; 20.827 ;
; a[3]       ; z[2]        ; 18.195 ; 18.180 ; 18.122 ; 18.318 ;
; a[3]       ; z[3]        ; 15.584 ; 15.531 ; 15.722 ; 15.458 ;
; a[3]       ; z[4]        ; 13.486 ; 12.888 ; 13.150 ; 13.525 ;
; a[3]       ; z[5]        ; 10.527 ; 10.877 ; 11.164 ; 10.536 ;
; a[3]       ; z[6]        ; 9.342  ;        ;        ; 9.348  ;
; a[4]       ; z[0]        ; 25.598 ; 25.501 ; 25.827 ; 25.730 ;
; a[4]       ; z[1]        ; 23.479 ; 23.249 ; 23.708 ; 23.510 ;
; a[4]       ; z[2]        ; 20.546 ; 20.563 ; 20.807 ; 20.792 ;
; a[4]       ; z[3]        ; 17.967 ; 17.882 ; 18.196 ; 18.143 ;
; a[4]       ; z[4]        ; 15.837 ; 15.770 ; 16.098 ; 15.754 ;
; a[4]       ; z[5]        ; 13.409 ; 13.228 ; 13.393 ; 13.489 ;
; a[4]       ; z[6]        ; 11.693 ; 11.593 ; 11.954 ; 11.577 ;
; a[4]       ; z[7]        ; 8.236  ;        ;        ; 8.378  ;
; a[5]       ; z[0]        ; 28.161 ; 28.064 ; 28.320 ; 28.223 ;
; a[5]       ; z[1]        ; 26.042 ; 25.844 ; 26.201 ; 25.971 ;
; a[5]       ; z[2]        ; 23.141 ; 23.126 ; 23.268 ; 23.285 ;
; a[5]       ; z[3]        ; 20.530 ; 20.477 ; 20.689 ; 20.604 ;
; a[5]       ; z[4]        ; 18.432 ; 18.286 ; 18.559 ; 18.492 ;
; a[5]       ; z[5]        ; 15.925 ; 15.823 ; 16.131 ; 15.950 ;
; a[5]       ; z[6]        ; 14.288 ; 14.109 ; 14.415 ; 14.315 ;
; a[5]       ; z[7]        ; 10.752 ; 10.712 ; 10.958 ; 10.728 ;
; a[5]       ; z[8]        ; 8.456  ;        ;        ; 8.647  ;
; b[0]       ; z[0]        ; 37.413 ; 37.316 ; 37.724 ; 37.627 ;
; b[0]       ; z[1]        ; 35.294 ; 35.064 ; 35.605 ; 35.375 ;
; b[0]       ; z[2]        ; 32.361 ; 32.378 ; 32.672 ; 32.689 ;
; b[0]       ; z[3]        ; 29.782 ; 29.697 ; 30.093 ; 30.008 ;
; b[0]       ; z[4]        ; 27.652 ; 27.585 ; 27.963 ; 27.896 ;
; b[0]       ; z[5]        ; 25.224 ; 25.043 ; 25.535 ; 25.354 ;
; b[0]       ; z[6]        ; 23.508 ; 23.408 ; 23.819 ; 23.719 ;
; b[0]       ; z[7]        ; 20.051 ; 19.821 ; 20.362 ; 20.132 ;
; b[0]       ; z[8]        ; 17.465 ; 17.740 ; 17.776 ; 18.051 ;
; b[0]       ; z[9]        ; 15.247 ; 15.416 ; 15.558 ; 15.727 ;
; b[1]       ; z[0]        ; 37.435 ; 37.338 ; 37.558 ; 37.461 ;
; b[1]       ; z[1]        ; 35.316 ; 35.086 ; 35.439 ; 35.209 ;
; b[1]       ; z[2]        ; 32.383 ; 32.400 ; 32.506 ; 32.523 ;
; b[1]       ; z[3]        ; 29.804 ; 29.719 ; 29.927 ; 29.842 ;
; b[1]       ; z[4]        ; 27.674 ; 27.607 ; 27.797 ; 27.730 ;
; b[1]       ; z[5]        ; 25.246 ; 25.065 ; 25.369 ; 25.188 ;
; b[1]       ; z[6]        ; 23.530 ; 23.430 ; 23.653 ; 23.553 ;
; b[1]       ; z[7]        ; 20.073 ; 19.843 ; 20.196 ; 19.966 ;
; b[1]       ; z[8]        ; 17.487 ; 17.762 ; 17.610 ; 17.885 ;
; b[1]       ; z[9]        ; 15.269 ; 15.438 ; 15.392 ; 15.561 ;
; b[2]       ; z[0]        ; 37.314 ; 37.217 ; 37.634 ; 37.537 ;
; b[2]       ; z[1]        ; 35.195 ; 34.965 ; 35.515 ; 35.285 ;
; b[2]       ; z[2]        ; 32.262 ; 32.279 ; 32.582 ; 32.599 ;
; b[2]       ; z[3]        ; 29.683 ; 29.598 ; 30.003 ; 29.918 ;
; b[2]       ; z[4]        ; 27.553 ; 27.486 ; 27.873 ; 27.806 ;
; b[2]       ; z[5]        ; 25.125 ; 24.944 ; 25.445 ; 25.264 ;
; b[2]       ; z[6]        ; 23.409 ; 23.309 ; 23.729 ; 23.629 ;
; b[2]       ; z[7]        ; 19.952 ; 19.722 ; 20.272 ; 20.042 ;
; b[2]       ; z[8]        ; 17.366 ; 17.641 ; 17.686 ; 17.961 ;
; b[2]       ; z[9]        ; 15.148 ; 15.317 ; 15.468 ; 15.637 ;
; b[3]       ; z[0]        ; 36.526 ; 36.429 ; 36.678 ; 36.581 ;
; b[3]       ; z[1]        ; 34.407 ; 34.177 ; 34.559 ; 34.329 ;
; b[3]       ; z[2]        ; 31.474 ; 31.491 ; 31.626 ; 31.643 ;
; b[3]       ; z[3]        ; 28.895 ; 28.810 ; 29.047 ; 28.962 ;
; b[3]       ; z[4]        ; 26.765 ; 26.698 ; 26.917 ; 26.850 ;
; b[3]       ; z[5]        ; 24.337 ; 24.156 ; 24.489 ; 24.308 ;
; b[3]       ; z[6]        ; 22.621 ; 22.521 ; 22.773 ; 22.673 ;
; b[3]       ; z[7]        ; 19.164 ; 18.934 ; 19.316 ; 19.086 ;
; b[3]       ; z[8]        ; 16.578 ; 16.853 ; 16.730 ; 17.005 ;
; b[3]       ; z[9]        ; 14.360 ; 14.529 ; 14.512 ; 14.681 ;
; b[4]       ; z[0]        ; 35.909 ; 35.812 ; 36.079 ; 35.982 ;
; b[4]       ; z[1]        ; 33.790 ; 33.560 ; 33.960 ; 33.730 ;
; b[4]       ; z[2]        ; 30.857 ; 30.874 ; 31.027 ; 31.044 ;
; b[4]       ; z[3]        ; 28.278 ; 28.193 ; 28.448 ; 28.363 ;
; b[4]       ; z[4]        ; 26.148 ; 26.081 ; 26.318 ; 26.251 ;
; b[4]       ; z[5]        ; 23.720 ; 23.539 ; 23.890 ; 23.709 ;
; b[4]       ; z[6]        ; 22.004 ; 21.904 ; 22.174 ; 22.074 ;
; b[4]       ; z[7]        ; 18.547 ; 18.317 ; 18.717 ; 18.487 ;
; b[4]       ; z[8]        ; 15.961 ; 16.236 ; 16.131 ; 16.406 ;
; b[4]       ; z[9]        ; 13.743 ; 13.912 ; 13.913 ; 14.082 ;
; b[5]       ; z[0]        ; 35.731 ; 35.634 ; 35.911 ; 35.814 ;
; b[5]       ; z[1]        ; 33.612 ; 33.382 ; 33.792 ; 33.562 ;
; b[5]       ; z[2]        ; 30.679 ; 30.696 ; 30.859 ; 30.876 ;
; b[5]       ; z[3]        ; 28.100 ; 28.015 ; 28.280 ; 28.195 ;
; b[5]       ; z[4]        ; 25.970 ; 25.903 ; 26.150 ; 26.083 ;
; b[5]       ; z[5]        ; 23.542 ; 23.361 ; 23.722 ; 23.541 ;
; b[5]       ; z[6]        ; 21.826 ; 21.726 ; 22.006 ; 21.906 ;
; b[5]       ; z[7]        ; 18.369 ; 18.139 ; 18.549 ; 18.319 ;
; b[5]       ; z[8]        ; 15.783 ; 16.058 ; 15.963 ; 16.238 ;
; b[5]       ; z[9]        ; 13.565 ; 13.734 ; 13.745 ; 13.914 ;
+------------+-------------+--------+--------+--------+--------+


+--------------------------------------------------------------+
; Minimum Propagation Delay                                    ;
+------------+-------------+--------+--------+--------+--------+
; Input Port ; Output Port ; RR     ; RF     ; FR     ; FF     ;
+------------+-------------+--------+--------+--------+--------+
; a[0]       ; z[0]        ; 9.339  ; 9.410  ; 9.638  ; 9.464  ;
; a[0]       ; z[1]        ; 8.819  ; 9.328  ; 9.623  ; 8.985  ;
; a[0]       ; z[2]        ; 8.247  ; 8.957  ; 9.128  ; 8.511  ;
; a[0]       ; z[3]        ; 7.416  ;        ;        ; 7.701  ;
; a[1]       ; z[0]        ; 9.512  ; 10.025 ; 10.292 ; 9.701  ;
; a[1]       ; z[1]        ; 9.449  ; 9.901  ; 10.224 ; 9.650  ;
; a[1]       ; z[2]        ; 8.862  ; 9.276  ; 9.606  ; 9.165  ;
; a[1]       ; z[3]        ; 7.989  ; 8.744  ; 9.043  ; 8.302  ;
; a[1]       ; z[4]        ; 7.588  ;        ;        ; 7.943  ;
; a[2]       ; z[0]        ; 10.273 ; 10.611 ; 10.790 ; 10.336 ;
; a[2]       ; z[1]        ; 9.878  ; 10.335 ; 10.618 ; 10.020 ;
; a[2]       ; z[2]        ; 9.547  ; 9.659  ; 9.910  ; 9.726  ;
; a[2]       ; z[3]        ; 8.423  ; 8.966  ; 9.251  ; 8.696  ;
; a[2]       ; z[4]        ; 8.149  ; 8.803  ; 9.054  ; 8.390  ;
; a[2]       ; z[5]        ; 7.843  ;        ;        ; 8.092  ;
; a[3]       ; z[0]        ; 10.415 ; 10.673 ; 10.875 ; 10.470 ;
; a[3]       ; z[1]        ; 10.625 ; 10.673 ; 11.046 ; 10.652 ;
; a[3]       ; z[2]        ; 9.879  ; 10.044 ; 10.380 ; 9.992  ;
; a[3]       ; z[3]        ; 9.202  ; 9.358  ; 9.617  ; 9.345  ;
; a[3]       ; z[4]        ; 8.618  ; 8.971  ; 9.274  ; 8.768  ;
; a[3]       ; z[5]        ; 8.476  ; 8.852  ; 9.132  ; 8.649  ;
; a[3]       ; z[6]        ; 8.878  ;        ;        ; 9.034  ;
; a[4]       ; z[0]        ; 12.018 ; 12.023 ; 12.225 ; 12.230 ;
; a[4]       ; z[1]        ; 11.190 ; 11.290 ; 11.679 ; 11.155 ;
; a[4]       ; z[2]        ; 10.701 ; 10.501 ; 10.880 ; 10.708 ;
; a[4]       ; z[3]        ; 10.071 ; 10.142 ; 10.471 ; 10.134 ;
; a[4]       ; z[4]        ; 9.660  ; 9.498  ; 9.839  ; 9.705  ;
; a[4]       ; z[5]        ; 9.354  ; 9.561  ; 9.843  ; 9.485  ;
; a[4]       ; z[6]        ; 9.792  ; 10.023 ; 10.370 ; 9.888  ;
; a[4]       ; z[7]        ; 7.764  ;        ;        ; 8.059  ;
; a[5]       ; z[0]        ; 12.755 ; 12.779 ; 12.634 ; 12.639 ;
; a[5]       ; z[1]        ; 12.698 ; 12.693 ; 12.702 ; 12.589 ;
; a[5]       ; z[2]        ; 11.094 ; 11.257 ; 11.635 ; 11.117 ;
; a[5]       ; z[3]        ; 10.716 ; 10.898 ; 11.257 ; 10.758 ;
; a[5]       ; z[4]        ; 10.334 ; 10.205 ; 10.651 ; 10.430 ;
; a[5]       ; z[5]        ; 10.245 ; 10.346 ; 10.668 ; 10.315 ;
; a[5]       ; z[6]        ; 10.719 ; 10.589 ; 11.036 ; 10.845 ;
; a[5]       ; z[7]        ; 8.769  ; 9.288  ; 9.497  ; 9.025  ;
; a[5]       ; z[8]        ; 7.971  ;        ;        ; 8.313  ;
; b[0]       ; z[0]        ; 7.860  ; 7.545  ; 7.702  ; 8.156  ;
; b[0]       ; z[1]        ; 8.238  ; 7.891  ; 8.093  ; 8.514  ;
; b[0]       ; z[2]        ; 8.877  ; 7.750  ; 7.911  ; 9.141  ;
; b[0]       ; z[3]        ; 8.924  ; 7.502  ; 7.670  ; 9.114  ;
; b[0]       ; z[4]        ; 9.006  ; 7.866  ; 8.038  ; 9.176  ;
; b[0]       ; z[5]        ; 9.142  ; 8.090  ; 8.286  ; 9.250  ;
; b[0]       ; z[6]        ; 10.384 ; 9.096  ; 9.346  ; 10.424 ;
; b[0]       ; z[7]        ; 8.554  ; 8.115  ; 8.245  ; 8.772  ;
; b[0]       ; z[8]        ; 8.355  ; 8.056  ; 8.156  ; 8.632  ;
; b[0]       ; z[9]        ; 8.128  ; 7.922  ; 7.955  ; 8.448  ;
; b[1]       ; z[0]        ; 8.751  ; 7.445  ; 7.650  ; 9.044  ;
; b[1]       ; z[1]        ; 8.966  ; 7.772  ; 7.990  ; 9.178  ;
; b[1]       ; z[2]        ; 9.106  ; 7.728  ; 7.881  ; 9.349  ;
; b[1]       ; z[3]        ; 8.751  ; 7.707  ; 7.844  ; 9.032  ;
; b[1]       ; z[4]        ; 8.971  ; 7.757  ; 7.954  ; 9.128  ;
; b[1]       ; z[5]        ; 8.733  ; 8.054  ; 8.263  ; 8.892  ;
; b[1]       ; z[6]        ; 10.083 ; 8.747  ; 9.027  ; 10.151 ;
; b[1]       ; z[7]        ; 9.251  ; 7.774  ; 7.939  ; 9.417  ;
; b[1]       ; z[8]        ; 9.453  ; 8.257  ; 8.355  ; 9.655  ;
; b[1]       ; z[9]        ; 8.906  ; 8.208  ; 8.215  ; 9.217  ;
; b[2]       ; z[0]        ; 8.745  ; 7.453  ; 7.618  ; 8.969  ;
; b[2]       ; z[1]        ; 8.875  ; 7.766  ; 7.928  ; 9.080  ;
; b[2]       ; z[2]        ; 9.172  ; 7.680  ; 7.806  ; 9.386  ;
; b[2]       ; z[3]        ; 8.545  ; 7.986  ; 8.059  ; 8.794  ;
; b[2]       ; z[4]        ; 8.505  ; 7.509  ; 7.698  ; 8.735  ;
; b[2]       ; z[5]        ; 8.874  ; 7.543  ; 7.767  ; 9.099  ;
; b[2]       ; z[6]        ; 10.453 ; 8.714  ; 8.976  ; 10.553 ;
; b[2]       ; z[7]        ; 8.936  ; 8.013  ; 8.129  ; 9.116  ;
; b[2]       ; z[8]        ; 8.837  ; 7.935  ; 8.045  ; 9.093  ;
; b[2]       ; z[9]        ; 8.776  ; 7.590  ; 7.668  ; 9.054  ;
; b[3]       ; z[0]        ; 8.729  ; 7.618  ; 7.788  ; 8.970  ;
; b[3]       ; z[1]        ; 9.022  ; 7.941  ; 8.142  ; 9.261  ;
; b[3]       ; z[2]        ; 9.315  ; 7.823  ; 7.997  ; 9.583  ;
; b[3]       ; z[3]        ; 8.699  ; 8.374  ; 8.479  ; 8.979  ;
; b[3]       ; z[4]        ; 9.120  ; 7.652  ; 7.895  ; 9.266  ;
; b[3]       ; z[5]        ; 10.061 ; 8.197  ; 8.397  ; 10.155 ;
; b[3]       ; z[6]        ; 10.688 ; 9.901  ; 10.091 ; 10.735 ;
; b[3]       ; z[7]        ; 9.499  ; 8.419  ; 8.544  ; 9.714  ;
; b[3]       ; z[8]        ; 9.321  ; 8.345  ; 8.453  ; 9.588  ;
; b[3]       ; z[9]        ; 9.115  ; 8.224  ; 8.267  ; 9.463  ;
; b[4]       ; z[0]        ; 8.465  ; 7.385  ; 7.572  ; 8.711  ;
; b[4]       ; z[1]        ; 8.878  ; 7.668  ; 7.894  ; 9.096  ;
; b[4]       ; z[2]        ; 8.924  ; 7.623  ; 7.789  ; 9.183  ;
; b[4]       ; z[3]        ; 8.659  ; 7.584  ; 7.730  ; 8.929  ;
; b[4]       ; z[4]        ; 8.948  ; 7.663  ; 7.864  ; 9.138  ;
; b[4]       ; z[5]        ; 9.058  ; 8.309  ; 8.458  ; 9.291  ;
; b[4]       ; z[6]        ; 10.855 ; 8.898  ; 9.167  ; 10.839 ;
; b[4]       ; z[7]        ; 9.192  ; 8.421  ; 8.503  ; 9.409  ;
; b[4]       ; z[8]        ; 9.020  ; 8.417  ; 8.473  ; 9.269  ;
; b[4]       ; z[9]        ; 8.535  ; 7.774  ; 7.840  ; 8.897  ;
; b[5]       ; z[0]        ; 8.987  ; 7.205  ; 7.366  ; 9.226  ;
; b[5]       ; z[1]        ; 8.658  ; 7.763  ; 7.951  ; 8.912  ;
; b[5]       ; z[2]        ; 8.622  ; 7.470  ; 7.646  ; 8.860  ;
; b[5]       ; z[3]        ; 8.642  ; 7.231  ; 7.380  ; 8.801  ;
; b[5]       ; z[4]        ; 8.771  ; 7.485  ; 7.684  ; 8.942  ;
; b[5]       ; z[5]        ; 8.944  ; 8.000  ; 8.163  ; 9.065  ;
; b[5]       ; z[6]        ; 9.500  ; 8.975  ; 9.194  ; 9.626  ;
; b[5]       ; z[7]        ; 8.387  ; 7.251  ; 7.455  ; 8.640  ;
; b[5]       ; z[8]        ; 8.266  ; 7.203  ; 7.385  ; 8.569  ;
; b[5]       ; z[9]        ; 7.761  ; 7.142  ; 7.252  ; 8.062  ;
+------------+-------------+--------+--------+--------+--------+


---------------------------------------------
; Slow 1200mV 0C Model Metastability Report ;
---------------------------------------------
No synchronizer chains to report.


--------------------------------------
; Fast 1200mV 0C Model Setup Summary ;
--------------------------------------
No paths to report.


-------------------------------------
; Fast 1200mV 0C Model Hold Summary ;
-------------------------------------
No paths to report.


-----------------------------------------
; Fast 1200mV 0C Model Recovery Summary ;
-----------------------------------------
No paths to report.


----------------------------------------
; Fast 1200mV 0C Model Removal Summary ;
----------------------------------------
No paths to report.


----------------------------------------------------
; Fast 1200mV 0C Model Minimum Pulse Width Summary ;
----------------------------------------------------
No paths to report.


+--------------------------------------------------------------+
; Propagation Delay                                            ;
+------------+-------------+--------+--------+--------+--------+
; Input Port ; Output Port ; RR     ; RF     ; FR     ; FF     ;
+------------+-------------+--------+--------+--------+--------+
; a[0]       ; z[0]        ; 8.540  ; 8.441  ; 8.965  ; 8.931  ;
; a[0]       ; z[1]        ; 7.443  ; 7.210  ; 7.767  ; 7.847  ;
; a[0]       ; z[2]        ; 5.773  ; 5.851  ; 6.410  ; 6.175  ;
; a[0]       ; z[3]        ; 4.527  ;        ;        ; 4.933  ;
; a[1]       ; z[0]        ; 9.751  ; 9.658  ; 10.286 ; 10.187 ;
; a[1]       ; z[1]        ; 8.654  ; 8.574  ; 9.189  ; 9.060  ;
; a[1]       ; z[2]        ; 7.137  ; 7.062  ; 7.623  ; 7.597  ;
; a[1]       ; z[3]        ; 5.738  ; 5.660  ; 6.273  ; 6.146  ;
; a[1]       ; z[4]        ; 4.663  ;        ;        ; 5.110  ;
; a[2]       ; z[0]        ; 11.206 ; 11.107 ; 11.644 ; 11.551 ;
; a[2]       ; z[1]        ; 10.109 ; 9.980  ; 10.547 ; 10.467 ;
; a[2]       ; z[2]        ; 8.543  ; 8.517  ; 9.030  ; 8.955  ;
; a[2]       ; z[3]        ; 7.193  ; 7.066  ; 7.631  ; 7.553  ;
; a[2]       ; z[4]        ; 5.821  ; 6.030  ; 6.556  ; 6.241  ;
; a[2]       ; z[5]        ; 4.779  ;        ;        ; 5.171  ;
; a[3]       ; z[0]        ; 12.591 ; 12.498 ; 13.074 ; 12.975 ;
; a[3]       ; z[1]        ; 11.494 ; 11.414 ; 11.977 ; 11.848 ;
; a[3]       ; z[2]        ; 9.977  ; 9.902  ; 10.411 ; 10.385 ;
; a[3]       ; z[3]        ; 8.578  ; 8.500  ; 9.061  ; 8.934  ;
; a[3]       ; z[4]        ; 7.503  ; 7.188  ; 7.717  ; 7.898  ;
; a[3]       ; z[5]        ; 5.918  ; 6.118  ; 6.647  ; 6.332  ;
; a[3]       ; z[6]        ; 5.471  ;        ;        ; 5.836  ;
; a[4]       ; z[0]        ; 13.890 ; 13.791 ; 14.355 ; 14.262 ;
; a[4]       ; z[1]        ; 12.793 ; 12.664 ; 13.258 ; 13.178 ;
; a[4]       ; z[2]        ; 11.227 ; 11.201 ; 11.741 ; 11.666 ;
; a[4]       ; z[3]        ; 9.877  ; 9.750  ; 10.342 ; 10.264 ;
; a[4]       ; z[4]        ; 8.741  ; 8.714  ; 9.267  ; 9.153  ;
; a[4]       ; z[5]        ; 7.463  ; 7.356  ; 7.902  ; 7.882  ;
; a[4]       ; z[6]        ; 6.709  ; 6.652  ; 7.235  ; 7.091  ;
; a[4]       ; z[7]        ; 4.752  ;        ;        ; 5.135  ;
; a[5]       ; z[0]        ; 15.226 ; 15.127 ; 15.700 ; 15.601 ;
; a[5]       ; z[1]        ; 14.129 ; 14.019 ; 14.603 ; 14.474 ;
; a[5]       ; z[2]        ; 12.582 ; 12.537 ; 13.037 ; 13.011 ;
; a[5]       ; z[3]        ; 11.213 ; 11.105 ; 11.687 ; 11.560 ;
; a[5]       ; z[4]        ; 10.108 ; 10.050 ; 10.556 ; 10.524 ;
; a[5]       ; z[5]        ; 8.799  ; 8.723  ; 9.273  ; 9.171  ;
; a[5]       ; z[6]        ; 8.076  ; 7.988  ; 8.524  ; 8.462  ;
; a[5]       ; z[7]        ; 6.088  ; 5.976  ; 6.562  ; 6.424  ;
; a[5]       ; z[8]        ; 4.847  ;        ;        ; 5.269  ;
; b[0]       ; z[0]        ; 19.931 ; 19.832 ; 20.742 ; 20.643 ;
; b[0]       ; z[1]        ; 18.834 ; 18.705 ; 19.645 ; 19.516 ;
; b[0]       ; z[2]        ; 17.268 ; 17.242 ; 18.079 ; 18.053 ;
; b[0]       ; z[3]        ; 15.918 ; 15.791 ; 16.729 ; 16.602 ;
; b[0]       ; z[4]        ; 14.787 ; 14.755 ; 15.598 ; 15.566 ;
; b[0]       ; z[5]        ; 13.504 ; 13.402 ; 14.315 ; 14.213 ;
; b[0]       ; z[6]        ; 12.755 ; 12.693 ; 13.566 ; 13.504 ;
; b[0]       ; z[7]        ; 10.793 ; 10.655 ; 11.604 ; 11.466 ;
; b[0]       ; z[8]        ; 9.463  ; 9.500  ; 10.274 ; 10.311 ;
; b[0]       ; z[9]        ; 8.236  ; 8.260  ; 9.047  ; 9.071  ;
; b[1]       ; z[0]        ; 19.968 ; 19.869 ; 20.645 ; 20.546 ;
; b[1]       ; z[1]        ; 18.871 ; 18.742 ; 19.548 ; 19.419 ;
; b[1]       ; z[2]        ; 17.305 ; 17.279 ; 17.982 ; 17.956 ;
; b[1]       ; z[3]        ; 15.955 ; 15.828 ; 16.632 ; 16.505 ;
; b[1]       ; z[4]        ; 14.824 ; 14.792 ; 15.501 ; 15.469 ;
; b[1]       ; z[5]        ; 13.541 ; 13.439 ; 14.218 ; 14.116 ;
; b[1]       ; z[6]        ; 12.792 ; 12.730 ; 13.469 ; 13.407 ;
; b[1]       ; z[7]        ; 10.830 ; 10.692 ; 11.507 ; 11.369 ;
; b[1]       ; z[8]        ; 9.500  ; 9.537  ; 10.177 ; 10.214 ;
; b[1]       ; z[9]        ; 8.273  ; 8.297  ; 8.950  ; 8.974  ;
; b[2]       ; z[0]        ; 19.904 ; 19.805 ; 20.714 ; 20.615 ;
; b[2]       ; z[1]        ; 18.807 ; 18.678 ; 19.617 ; 19.488 ;
; b[2]       ; z[2]        ; 17.241 ; 17.215 ; 18.051 ; 18.025 ;
; b[2]       ; z[3]        ; 15.891 ; 15.764 ; 16.701 ; 16.574 ;
; b[2]       ; z[4]        ; 14.760 ; 14.728 ; 15.570 ; 15.538 ;
; b[2]       ; z[5]        ; 13.477 ; 13.375 ; 14.287 ; 14.185 ;
; b[2]       ; z[6]        ; 12.728 ; 12.666 ; 13.538 ; 13.476 ;
; b[2]       ; z[7]        ; 10.766 ; 10.628 ; 11.576 ; 11.438 ;
; b[2]       ; z[8]        ; 9.436  ; 9.473  ; 10.246 ; 10.283 ;
; b[2]       ; z[9]        ; 8.209  ; 8.233  ; 9.019  ; 9.043  ;
; b[3]       ; z[0]        ; 19.517 ; 19.418 ; 20.205 ; 20.106 ;
; b[3]       ; z[1]        ; 18.420 ; 18.291 ; 19.108 ; 18.979 ;
; b[3]       ; z[2]        ; 16.854 ; 16.828 ; 17.542 ; 17.516 ;
; b[3]       ; z[3]        ; 15.504 ; 15.377 ; 16.192 ; 16.065 ;
; b[3]       ; z[4]        ; 14.373 ; 14.341 ; 15.061 ; 15.029 ;
; b[3]       ; z[5]        ; 13.090 ; 12.988 ; 13.778 ; 13.676 ;
; b[3]       ; z[6]        ; 12.341 ; 12.279 ; 13.029 ; 12.967 ;
; b[3]       ; z[7]        ; 10.379 ; 10.241 ; 11.067 ; 10.929 ;
; b[3]       ; z[8]        ; 9.049  ; 9.086  ; 9.737  ; 9.774  ;
; b[3]       ; z[9]        ; 7.822  ; 7.846  ; 8.510  ; 8.534  ;
; b[4]       ; z[0]        ; 19.224 ; 19.125 ; 19.863 ; 19.764 ;
; b[4]       ; z[1]        ; 18.127 ; 17.998 ; 18.766 ; 18.637 ;
; b[4]       ; z[2]        ; 16.561 ; 16.535 ; 17.200 ; 17.174 ;
; b[4]       ; z[3]        ; 15.211 ; 15.084 ; 15.850 ; 15.723 ;
; b[4]       ; z[4]        ; 14.080 ; 14.048 ; 14.719 ; 14.687 ;
; b[4]       ; z[5]        ; 12.797 ; 12.695 ; 13.436 ; 13.334 ;
; b[4]       ; z[6]        ; 12.048 ; 11.986 ; 12.687 ; 12.625 ;
; b[4]       ; z[7]        ; 10.086 ; 9.948  ; 10.725 ; 10.587 ;
; b[4]       ; z[8]        ; 8.756  ; 8.793  ; 9.395  ; 9.432  ;
; b[4]       ; z[9]        ; 7.529  ; 7.553  ; 8.168  ; 8.192  ;
; b[5]       ; z[0]        ; 19.098 ; 18.999 ; 19.728 ; 19.629 ;
; b[5]       ; z[1]        ; 18.001 ; 17.872 ; 18.631 ; 18.502 ;
; b[5]       ; z[2]        ; 16.435 ; 16.409 ; 17.065 ; 17.039 ;
; b[5]       ; z[3]        ; 15.085 ; 14.958 ; 15.715 ; 15.588 ;
; b[5]       ; z[4]        ; 13.954 ; 13.922 ; 14.584 ; 14.552 ;
; b[5]       ; z[5]        ; 12.671 ; 12.569 ; 13.301 ; 13.199 ;
; b[5]       ; z[6]        ; 11.922 ; 11.860 ; 12.552 ; 12.490 ;
; b[5]       ; z[7]        ; 9.960  ; 9.822  ; 10.590 ; 10.452 ;
; b[5]       ; z[8]        ; 8.630  ; 8.667  ; 9.260  ; 9.297  ;
; b[5]       ; z[9]        ; 7.403  ; 7.427  ; 8.033  ; 8.057  ;
+------------+-------------+--------+--------+--------+--------+


+----------------------------------------------------------+
; Minimum Propagation Delay                                ;
+------------+-------------+-------+-------+-------+-------+
; Input Port ; Output Port ; RR    ; RF    ; FR    ; FF    ;
+------------+-------------+-------+-------+-------+-------+
; a[0]       ; z[0]        ; 5.172 ; 5.224 ; 5.863 ; 5.759 ;
; a[0]       ; z[1]        ; 4.972 ; 5.238 ; 5.860 ; 5.498 ;
; a[0]       ; z[2]        ; 4.712 ; 5.006 ; 5.626 ; 5.209 ;
; a[0]       ; z[3]        ; 4.281 ;       ;       ; 4.764 ;
; a[1]       ; z[0]        ; 5.253 ; 5.523 ; 6.189 ; 5.905 ;
; a[1]       ; z[1]        ; 5.283 ; 5.517 ; 6.200 ; 5.897 ;
; a[1]       ; z[2]        ; 5.011 ; 5.214 ; 5.877 ; 5.601 ;
; a[1]       ; z[3]        ; 4.560 ; 4.909 ; 5.565 ; 5.121 ;
; a[1]       ; z[4]        ; 4.411 ;       ;       ; 4.937 ;
; a[2]       ; z[0]        ; 5.598 ; 5.822 ; 6.427 ; 6.243 ;
; a[2]       ; z[1]        ; 5.463 ; 5.694 ; 6.380 ; 6.058 ;
; a[2]       ; z[2]        ; 5.310 ; 5.400 ; 5.957 ; 5.884 ;
; a[2]       ; z[3]        ; 4.737 ; 5.011 ; 5.622 ; 5.292 ;
; a[2]       ; z[4]        ; 4.641 ; 4.934 ; 5.546 ; 5.146 ;
; a[2]       ; z[5]        ; 4.519 ;       ;       ; 4.990 ;
; a[3]       ; z[0]        ; 5.640 ; 5.841 ; 6.444 ; 6.318 ;
; a[3]       ; z[1]        ; 5.777 ; 5.976 ; 6.474 ; 6.421 ;
; a[3]       ; z[2]        ; 5.431 ; 5.590 ; 6.169 ; 6.039 ;
; a[3]       ; z[3]        ; 5.073 ; 5.219 ; 5.765 ; 5.668 ;
; a[3]       ; z[4]        ; 4.822 ; 5.016 ; 5.626 ; 5.364 ;
; a[3]       ; z[5]        ; 4.785 ; 4.951 ; 5.589 ; 5.299 ;
; a[3]       ; z[6]        ; 5.220 ;       ;       ; 5.663 ;
; a[4]       ; z[0]        ; 6.677 ; 6.655 ; 7.231 ; 7.209 ;
; a[4]       ; z[1]        ; 6.078 ; 6.297 ; 6.834 ; 6.748 ;
; a[4]       ; z[2]        ; 5.833 ; 5.890 ; 6.387 ; 6.459 ;
; a[4]       ; z[3]        ; 5.515 ; 5.677 ; 6.173 ; 6.155 ;
; a[4]       ; z[4]        ; 5.347 ; 5.347 ; 5.901 ; 5.916 ;
; a[4]       ; z[5]        ; 5.236 ; 5.346 ; 5.978 ; 5.797 ;
; a[4]       ; z[6]        ; 5.678 ; 5.791 ; 6.434 ; 6.172 ;
; a[4]       ; z[7]        ; 4.493 ;       ;       ; 4.960 ;
; a[5]       ; z[0]        ; 6.872 ; 6.850 ; 7.574 ; 7.539 ;
; a[5]       ; z[1]        ; 6.850 ; 6.863 ; 7.640 ; 7.508 ;
; a[5]       ; z[2]        ; 6.028 ; 6.250 ; 6.818 ; 6.695 ;
; a[5]       ; z[3]        ; 5.814 ; 6.043 ; 6.603 ; 6.488 ;
; a[5]       ; z[4]        ; 5.682 ; 5.719 ; 6.310 ; 6.324 ;
; a[5]       ; z[5]        ; 5.655 ; 5.807 ; 6.359 ; 6.261 ;
; a[5]       ; z[6]        ; 6.135 ; 6.088 ; 6.763 ; 6.701 ;
; a[5]       ; z[7]        ; 4.990 ; 5.183 ; 5.812 ; 5.502 ;
; a[5]       ; z[8]        ; 4.582 ;       ;       ; 5.086 ;
; b[0]       ; z[0]        ; 4.483 ; 4.204 ; 4.892 ; 4.998 ;
; b[0]       ; z[1]        ; 4.714 ; 4.426 ; 5.125 ; 5.218 ;
; b[0]       ; z[2]        ; 5.019 ; 4.331 ; 5.020 ; 5.542 ;
; b[0]       ; z[3]        ; 4.981 ; 4.189 ; 4.860 ; 5.536 ;
; b[0]       ; z[4]        ; 5.053 ; 4.381 ; 5.089 ; 5.586 ;
; b[0]       ; z[5]        ; 5.115 ; 4.517 ; 5.214 ; 5.651 ;
; b[0]       ; z[6]        ; 5.939 ; 5.221 ; 5.963 ; 6.478 ;
; b[0]       ; z[7]        ; 4.838 ; 4.503 ; 5.231 ; 5.359 ;
; b[0]       ; z[8]        ; 4.729 ; 4.456 ; 5.152 ; 5.263 ;
; b[0]       ; z[9]        ; 4.565 ; 4.364 ; 5.008 ; 5.137 ;
; b[1]       ; z[0]        ; 4.917 ; 4.169 ; 4.860 ; 5.507 ;
; b[1]       ; z[1]        ; 5.054 ; 4.364 ; 5.064 ; 5.596 ;
; b[1]       ; z[2]        ; 5.113 ; 4.308 ; 5.010 ; 5.677 ;
; b[1]       ; z[3]        ; 4.907 ; 4.272 ; 4.979 ; 5.501 ;
; b[1]       ; z[4]        ; 5.021 ; 4.328 ; 5.055 ; 5.582 ;
; b[1]       ; z[5]        ; 4.911 ; 4.491 ; 5.214 ; 5.437 ;
; b[1]       ; z[6]        ; 5.798 ; 5.038 ; 5.770 ; 6.299 ;
; b[1]       ; z[7]        ; 5.194 ; 4.340 ; 5.035 ; 5.749 ;
; b[1]       ; z[8]        ; 5.259 ; 4.564 ; 5.282 ; 5.852 ;
; b[1]       ; z[9]        ; 4.952 ; 4.507 ; 5.178 ; 5.572 ;
; b[2]       ; z[0]        ; 4.907 ; 4.179 ; 4.865 ; 5.481 ;
; b[2]       ; z[1]        ; 5.008 ; 4.354 ; 5.040 ; 5.535 ;
; b[2]       ; z[2]        ; 5.151 ; 4.280 ; 4.969 ; 5.698 ;
; b[2]       ; z[3]        ; 4.805 ; 4.433 ; 5.129 ; 5.359 ;
; b[2]       ; z[4]        ; 4.799 ; 4.211 ; 4.895 ; 5.331 ;
; b[2]       ; z[5]        ; 4.987 ; 4.243 ; 4.907 ; 5.544 ;
; b[2]       ; z[6]        ; 6.004 ; 5.029 ; 5.747 ; 6.559 ;
; b[2]       ; z[7]        ; 5.051 ; 4.472 ; 5.180 ; 5.567 ;
; b[2]       ; z[8]        ; 4.986 ; 4.415 ; 5.105 ; 5.526 ;
; b[2]       ; z[9]        ; 4.887 ; 4.230 ; 4.856 ; 5.497 ;
; b[3]       ; z[0]        ; 4.889 ; 4.250 ; 4.957 ; 5.462 ;
; b[3]       ; z[1]        ; 5.080 ; 4.432 ; 5.158 ; 5.641 ;
; b[3]       ; z[2]        ; 5.218 ; 4.350 ; 5.074 ; 5.810 ;
; b[3]       ; z[3]        ; 4.882 ; 4.619 ; 5.370 ; 5.472 ;
; b[3]       ; z[4]        ; 5.086 ; 4.278 ; 5.007 ; 5.657 ;
; b[3]       ; z[5]        ; 5.581 ; 4.552 ; 5.285 ; 6.213 ;
; b[3]       ; z[6]        ; 6.109 ; 5.623 ; 6.424 ; 6.681 ;
; b[3]       ; z[7]        ; 5.333 ; 4.665 ; 5.429 ; 5.912 ;
; b[3]       ; z[8]        ; 5.208 ; 4.612 ; 5.344 ; 5.815 ;
; b[3]       ; z[9]        ; 5.072 ; 4.528 ; 5.211 ; 5.733 ;
; b[4]       ; z[0]        ; 4.781 ; 4.139 ; 4.828 ; 5.337 ;
; b[4]       ; z[1]        ; 5.022 ; 4.331 ; 5.015 ; 5.549 ;
; b[4]       ; z[2]        ; 5.045 ; 4.272 ; 4.959 ; 5.586 ;
; b[4]       ; z[3]        ; 4.878 ; 4.233 ; 4.911 ; 5.443 ;
; b[4]       ; z[4]        ; 5.021 ; 4.299 ; 5.000 ; 5.593 ;
; b[4]       ; z[5]        ; 5.092 ; 4.625 ; 5.334 ; 5.664 ;
; b[4]       ; z[6]        ; 6.177 ; 5.134 ; 5.867 ; 6.717 ;
; b[4]       ; z[7]        ; 5.178 ; 4.677 ; 5.397 ; 5.722 ;
; b[4]       ; z[8]        ; 5.065 ; 4.645 ; 5.353 ; 5.627 ;
; b[4]       ; z[9]        ; 4.800 ; 4.310 ; 4.955 ; 5.391 ;
; b[5]       ; z[0]        ; 5.037 ; 4.003 ; 4.682 ; 5.621 ;
; b[5]       ; z[1]        ; 4.891 ; 4.332 ; 5.040 ; 5.439 ;
; b[5]       ; z[2]        ; 4.862 ; 4.166 ; 4.871 ; 5.389 ;
; b[5]       ; z[3]        ; 4.810 ; 4.026 ; 4.701 ; 5.379 ;
; b[5]       ; z[4]        ; 4.902 ; 4.176 ; 4.885 ; 5.456 ;
; b[5]       ; z[5]        ; 4.997 ; 4.442 ; 5.155 ; 5.538 ;
; b[5]       ; z[6]        ; 5.493 ; 5.135 ; 5.880 ; 5.978 ;
; b[5]       ; z[7]        ; 4.738 ; 4.057 ; 4.738 ; 5.250 ;
; b[5]       ; z[8]        ; 4.646 ; 4.016 ; 4.682 ; 5.187 ;
; b[5]       ; z[9]        ; 4.359 ; 3.958 ; 4.578 ; 4.922 ;
+------------+-------------+-------+-------+-------+-------+


---------------------------------------------
; Fast 1200mV 0C Model Metastability Report ;
---------------------------------------------
No synchronizer chains to report.


+----------------------------------------------------------------------------+
; Multicorner Timing Analysis Summary                                        ;
+------------------+-------+------+----------+---------+---------------------+
; Clock            ; Setup ; Hold ; Recovery ; Removal ; Minimum Pulse Width ;
+------------------+-------+------+----------+---------+---------------------+
; Worst-case Slack ; N/A   ; N/A  ; N/A      ; N/A     ; N/A                 ;
; Design-wide TNS  ; 0.0   ; 0.0  ; 0.0      ; 0.0     ; 0.0                 ;
+------------------+-------+------+----------+---------+---------------------+


+--------------------------------------------------------------+
; Progagation Delay                                            ;
+------------+-------------+--------+--------+--------+--------+
; Input Port ; Output Port ; RR     ; RF     ; FR     ; FF     ;
+------------+-------------+--------+--------+--------+--------+
; a[0]       ; z[0]        ; 16.952 ; 16.836 ; 16.842 ; 16.938 ;
; a[0]       ; z[1]        ; 14.588 ; 14.169 ; 14.397 ; 14.620 ;
; a[0]       ; z[2]        ; 11.104 ; 11.392 ; 11.637 ; 11.201 ;
; a[0]       ; z[3]        ; 8.532  ;        ;        ; 8.701  ;
; a[1]       ; z[0]        ; 19.481 ; 19.365 ; 19.803 ; 19.687 ;
; a[1]       ; z[1]        ; 17.117 ; 16.913 ; 17.439 ; 17.048 ;
; a[1]       ; z[2]        ; 13.930 ; 13.921 ; 14.065 ; 14.243 ;
; a[1]       ; z[3]        ; 11.061 ; 10.994 ; 11.383 ; 11.129 ;
; a[1]       ; z[4]        ; 8.739  ;        ;        ; 8.968  ;
; a[2]       ; z[0]        ; 22.466 ; 22.350 ; 22.735 ; 22.619 ;
; a[2]       ; z[1]        ; 20.102 ; 19.711 ; 20.371 ; 20.167 ;
; a[2]       ; z[2]        ; 16.728 ; 16.906 ; 17.184 ; 17.175 ;
; a[2]       ; z[3]        ; 14.046 ; 13.792 ; 14.315 ; 14.248 ;
; a[2]       ; z[4]        ; 11.204 ; 11.631 ; 11.993 ; 11.330 ;
; a[2]       ; z[5]        ; 8.993  ;        ;        ; 9.142  ;
; a[3]       ; z[0]        ; 25.457 ; 25.341 ; 25.608 ; 25.492 ;
; a[3]       ; z[1]        ; 23.093 ; 22.889 ; 23.244 ; 22.853 ;
; a[3]       ; z[2]        ; 19.906 ; 19.897 ; 19.870 ; 20.048 ;
; a[3]       ; z[3]        ; 17.037 ; 16.970 ; 17.188 ; 16.934 ;
; a[3]       ; z[4]        ; 14.715 ; 14.083 ; 14.373 ; 14.773 ;
; a[3]       ; z[5]        ; 11.445 ; 11.864 ; 12.135 ; 11.522 ;
; a[3]       ; z[6]        ; 9.985  ;        ;        ; 10.040 ;
; a[4]       ; z[0]        ; 28.075 ; 27.959 ; 28.356 ; 28.240 ;
; a[4]       ; z[1]        ; 25.711 ; 25.482 ; 25.992 ; 25.788 ;
; a[4]       ; z[2]        ; 22.499 ; 22.515 ; 22.805 ; 22.796 ;
; a[4]       ; z[3]        ; 19.655 ; 19.563 ; 19.936 ; 19.869 ;
; a[4]       ; z[4]        ; 17.308 ; 17.240 ; 17.614 ; 17.273 ;
; a[4]       ; z[5]        ; 14.602 ; 14.457 ; 14.635 ; 14.763 ;
; a[4]       ; z[6]        ; 12.578 ; 12.507 ; 12.884 ; 12.540 ;
; a[4]       ; z[7]        ; 8.930  ;        ;        ; 9.098  ;
; a[5]       ; z[0]        ; 30.909 ; 30.793 ; 31.064 ; 30.948 ;
; a[5]       ; z[1]        ; 28.545 ; 28.341 ; 28.700 ; 28.471 ;
; a[5]       ; z[2]        ; 25.358 ; 25.349 ; 25.488 ; 25.504 ;
; a[5]       ; z[3]        ; 22.489 ; 22.422 ; 22.644 ; 22.552 ;
; a[5]       ; z[4]        ; 20.167 ; 20.032 ; 20.297 ; 20.229 ;
; a[5]       ; z[5]        ; 17.394 ; 17.316 ; 17.591 ; 17.446 ;
; a[5]       ; z[6]        ; 15.437 ; 15.299 ; 15.567 ; 15.496 ;
; a[5]       ; z[7]        ; 11.722 ; 11.651 ; 11.919 ; 11.704 ;
; a[5]       ; z[8]        ; 9.184  ;        ;        ; 9.381  ;
; b[0]       ; z[0]        ; 41.044 ; 40.928 ; 41.592 ; 41.476 ;
; b[0]       ; z[1]        ; 38.680 ; 38.451 ; 39.228 ; 38.999 ;
; b[0]       ; z[2]        ; 35.468 ; 35.484 ; 36.016 ; 36.032 ;
; b[0]       ; z[3]        ; 32.624 ; 32.532 ; 33.172 ; 33.080 ;
; b[0]       ; z[4]        ; 30.277 ; 30.209 ; 30.825 ; 30.757 ;
; b[0]       ; z[5]        ; 27.571 ; 27.426 ; 28.119 ; 27.974 ;
; b[0]       ; z[6]        ; 25.547 ; 25.476 ; 26.095 ; 26.024 ;
; b[0]       ; z[7]        ; 21.899 ; 21.684 ; 22.447 ; 22.232 ;
; b[0]       ; z[8]        ; 19.102 ; 19.361 ; 19.650 ; 19.909 ;
; b[0]       ; z[9]        ; 16.618 ; 16.787 ; 17.166 ; 17.335 ;
; b[1]       ; z[0]        ; 41.079 ; 40.963 ; 41.383 ; 41.267 ;
; b[1]       ; z[1]        ; 38.715 ; 38.486 ; 39.019 ; 38.790 ;
; b[1]       ; z[2]        ; 35.503 ; 35.519 ; 35.807 ; 35.823 ;
; b[1]       ; z[3]        ; 32.659 ; 32.567 ; 32.963 ; 32.871 ;
; b[1]       ; z[4]        ; 30.312 ; 30.244 ; 30.616 ; 30.548 ;
; b[1]       ; z[5]        ; 27.606 ; 27.461 ; 27.910 ; 27.765 ;
; b[1]       ; z[6]        ; 25.582 ; 25.511 ; 25.886 ; 25.815 ;
; b[1]       ; z[7]        ; 21.934 ; 21.719 ; 22.238 ; 22.023 ;
; b[1]       ; z[8]        ; 19.137 ; 19.396 ; 19.441 ; 19.700 ;
; b[1]       ; z[9]        ; 16.653 ; 16.822 ; 16.957 ; 17.126 ;
; b[2]       ; z[0]        ; 40.941 ; 40.825 ; 41.478 ; 41.362 ;
; b[2]       ; z[1]        ; 38.577 ; 38.348 ; 39.114 ; 38.885 ;
; b[2]       ; z[2]        ; 35.365 ; 35.381 ; 35.902 ; 35.918 ;
; b[2]       ; z[3]        ; 32.521 ; 32.429 ; 33.058 ; 32.966 ;
; b[2]       ; z[4]        ; 30.174 ; 30.106 ; 30.711 ; 30.643 ;
; b[2]       ; z[5]        ; 27.468 ; 27.323 ; 28.005 ; 27.860 ;
; b[2]       ; z[6]        ; 25.444 ; 25.373 ; 25.981 ; 25.910 ;
; b[2]       ; z[7]        ; 21.796 ; 21.581 ; 22.333 ; 22.118 ;
; b[2]       ; z[8]        ; 18.999 ; 19.258 ; 19.536 ; 19.795 ;
; b[2]       ; z[9]        ; 16.515 ; 16.684 ; 17.052 ; 17.221 ;
; b[3]       ; z[0]        ; 40.060 ; 39.944 ; 40.399 ; 40.283 ;
; b[3]       ; z[1]        ; 37.696 ; 37.467 ; 38.035 ; 37.806 ;
; b[3]       ; z[2]        ; 34.484 ; 34.500 ; 34.823 ; 34.839 ;
; b[3]       ; z[3]        ; 31.640 ; 31.548 ; 31.979 ; 31.887 ;
; b[3]       ; z[4]        ; 29.293 ; 29.225 ; 29.632 ; 29.564 ;
; b[3]       ; z[5]        ; 26.587 ; 26.442 ; 26.926 ; 26.781 ;
; b[3]       ; z[6]        ; 24.563 ; 24.492 ; 24.902 ; 24.831 ;
; b[3]       ; z[7]        ; 20.915 ; 20.700 ; 21.254 ; 21.039 ;
; b[3]       ; z[8]        ; 18.118 ; 18.377 ; 18.457 ; 18.716 ;
; b[3]       ; z[9]        ; 15.634 ; 15.803 ; 15.973 ; 16.142 ;
; b[4]       ; z[0]        ; 39.390 ; 39.274 ; 39.721 ; 39.605 ;
; b[4]       ; z[1]        ; 37.026 ; 36.797 ; 37.357 ; 37.128 ;
; b[4]       ; z[2]        ; 33.814 ; 33.830 ; 34.145 ; 34.161 ;
; b[4]       ; z[3]        ; 30.970 ; 30.878 ; 31.301 ; 31.209 ;
; b[4]       ; z[4]        ; 28.623 ; 28.555 ; 28.954 ; 28.886 ;
; b[4]       ; z[5]        ; 25.917 ; 25.772 ; 26.248 ; 26.103 ;
; b[4]       ; z[6]        ; 23.893 ; 23.822 ; 24.224 ; 24.153 ;
; b[4]       ; z[7]        ; 20.245 ; 20.030 ; 20.576 ; 20.361 ;
; b[4]       ; z[8]        ; 17.448 ; 17.707 ; 17.779 ; 18.038 ;
; b[4]       ; z[9]        ; 14.964 ; 15.133 ; 15.295 ; 15.464 ;
; b[5]       ; z[0]        ; 39.214 ; 39.098 ; 39.534 ; 39.418 ;
; b[5]       ; z[1]        ; 36.850 ; 36.621 ; 37.170 ; 36.941 ;
; b[5]       ; z[2]        ; 33.638 ; 33.654 ; 33.958 ; 33.974 ;
; b[5]       ; z[3]        ; 30.794 ; 30.702 ; 31.114 ; 31.022 ;
; b[5]       ; z[4]        ; 28.447 ; 28.379 ; 28.767 ; 28.699 ;
; b[5]       ; z[5]        ; 25.741 ; 25.596 ; 26.061 ; 25.916 ;
; b[5]       ; z[6]        ; 23.717 ; 23.646 ; 24.037 ; 23.966 ;
; b[5]       ; z[7]        ; 20.069 ; 19.854 ; 20.389 ; 20.174 ;
; b[5]       ; z[8]        ; 17.272 ; 17.531 ; 17.592 ; 17.851 ;
; b[5]       ; z[9]        ; 14.788 ; 14.957 ; 15.108 ; 15.277 ;
+------------+-------------+--------+--------+--------+--------+


+----------------------------------------------------------+
; Minimum Progagation Delay                                ;
+------------+-------------+-------+-------+-------+-------+
; Input Port ; Output Port ; RR    ; RF    ; FR    ; FF    ;
+------------+-------------+-------+-------+-------+-------+
; a[0]       ; z[0]        ; 5.172 ; 5.224 ; 5.863 ; 5.759 ;
; a[0]       ; z[1]        ; 4.972 ; 5.238 ; 5.860 ; 5.498 ;
; a[0]       ; z[2]        ; 4.712 ; 5.006 ; 5.626 ; 5.209 ;
; a[0]       ; z[3]        ; 4.281 ;       ;       ; 4.764 ;
; a[1]       ; z[0]        ; 5.253 ; 5.523 ; 6.189 ; 5.905 ;
; a[1]       ; z[1]        ; 5.283 ; 5.517 ; 6.200 ; 5.897 ;
; a[1]       ; z[2]        ; 5.011 ; 5.214 ; 5.877 ; 5.601 ;
; a[1]       ; z[3]        ; 4.560 ; 4.909 ; 5.565 ; 5.121 ;
; a[1]       ; z[4]        ; 4.411 ;       ;       ; 4.937 ;
; a[2]       ; z[0]        ; 5.598 ; 5.822 ; 6.427 ; 6.243 ;
; a[2]       ; z[1]        ; 5.463 ; 5.694 ; 6.380 ; 6.058 ;
; a[2]       ; z[2]        ; 5.310 ; 5.400 ; 5.957 ; 5.884 ;
; a[2]       ; z[3]        ; 4.737 ; 5.011 ; 5.622 ; 5.292 ;
; a[2]       ; z[4]        ; 4.641 ; 4.934 ; 5.546 ; 5.146 ;
; a[2]       ; z[5]        ; 4.519 ;       ;       ; 4.990 ;
; a[3]       ; z[0]        ; 5.640 ; 5.841 ; 6.444 ; 6.318 ;
; a[3]       ; z[1]        ; 5.777 ; 5.976 ; 6.474 ; 6.421 ;
; a[3]       ; z[2]        ; 5.431 ; 5.590 ; 6.169 ; 6.039 ;
; a[3]       ; z[3]        ; 5.073 ; 5.219 ; 5.765 ; 5.668 ;
; a[3]       ; z[4]        ; 4.822 ; 5.016 ; 5.626 ; 5.364 ;
; a[3]       ; z[5]        ; 4.785 ; 4.951 ; 5.589 ; 5.299 ;
; a[3]       ; z[6]        ; 5.220 ;       ;       ; 5.663 ;
; a[4]       ; z[0]        ; 6.677 ; 6.655 ; 7.231 ; 7.209 ;
; a[4]       ; z[1]        ; 6.078 ; 6.297 ; 6.834 ; 6.748 ;
; a[4]       ; z[2]        ; 5.833 ; 5.890 ; 6.387 ; 6.459 ;
; a[4]       ; z[3]        ; 5.515 ; 5.677 ; 6.173 ; 6.155 ;
; a[4]       ; z[4]        ; 5.347 ; 5.347 ; 5.901 ; 5.916 ;
; a[4]       ; z[5]        ; 5.236 ; 5.346 ; 5.978 ; 5.797 ;
; a[4]       ; z[6]        ; 5.678 ; 5.791 ; 6.434 ; 6.172 ;
; a[4]       ; z[7]        ; 4.493 ;       ;       ; 4.960 ;
; a[5]       ; z[0]        ; 6.872 ; 6.850 ; 7.574 ; 7.539 ;
; a[5]       ; z[1]        ; 6.850 ; 6.863 ; 7.640 ; 7.508 ;
; a[5]       ; z[2]        ; 6.028 ; 6.250 ; 6.818 ; 6.695 ;
; a[5]       ; z[3]        ; 5.814 ; 6.043 ; 6.603 ; 6.488 ;
; a[5]       ; z[4]        ; 5.682 ; 5.719 ; 6.310 ; 6.324 ;
; a[5]       ; z[5]        ; 5.655 ; 5.807 ; 6.359 ; 6.261 ;
; a[5]       ; z[6]        ; 6.135 ; 6.088 ; 6.763 ; 6.701 ;
; a[5]       ; z[7]        ; 4.990 ; 5.183 ; 5.812 ; 5.502 ;
; a[5]       ; z[8]        ; 4.582 ;       ;       ; 5.086 ;
; b[0]       ; z[0]        ; 4.483 ; 4.204 ; 4.892 ; 4.998 ;
; b[0]       ; z[1]        ; 4.714 ; 4.426 ; 5.125 ; 5.218 ;
; b[0]       ; z[2]        ; 5.019 ; 4.331 ; 5.020 ; 5.542 ;
; b[0]       ; z[3]        ; 4.981 ; 4.189 ; 4.860 ; 5.536 ;
; b[0]       ; z[4]        ; 5.053 ; 4.381 ; 5.089 ; 5.586 ;
; b[0]       ; z[5]        ; 5.115 ; 4.517 ; 5.214 ; 5.651 ;
; b[0]       ; z[6]        ; 5.939 ; 5.221 ; 5.963 ; 6.478 ;
; b[0]       ; z[7]        ; 4.838 ; 4.503 ; 5.231 ; 5.359 ;
; b[0]       ; z[8]        ; 4.729 ; 4.456 ; 5.152 ; 5.263 ;
; b[0]       ; z[9]        ; 4.565 ; 4.364 ; 5.008 ; 5.137 ;
; b[1]       ; z[0]        ; 4.917 ; 4.169 ; 4.860 ; 5.507 ;
; b[1]       ; z[1]        ; 5.054 ; 4.364 ; 5.064 ; 5.596 ;
; b[1]       ; z[2]        ; 5.113 ; 4.308 ; 5.010 ; 5.677 ;
; b[1]       ; z[3]        ; 4.907 ; 4.272 ; 4.979 ; 5.501 ;
; b[1]       ; z[4]        ; 5.021 ; 4.328 ; 5.055 ; 5.582 ;
; b[1]       ; z[5]        ; 4.911 ; 4.491 ; 5.214 ; 5.437 ;
; b[1]       ; z[6]        ; 5.798 ; 5.038 ; 5.770 ; 6.299 ;
; b[1]       ; z[7]        ; 5.194 ; 4.340 ; 5.035 ; 5.749 ;
; b[1]       ; z[8]        ; 5.259 ; 4.564 ; 5.282 ; 5.852 ;
; b[1]       ; z[9]        ; 4.952 ; 4.507 ; 5.178 ; 5.572 ;
; b[2]       ; z[0]        ; 4.907 ; 4.179 ; 4.865 ; 5.481 ;
; b[2]       ; z[1]        ; 5.008 ; 4.354 ; 5.040 ; 5.535 ;
; b[2]       ; z[2]        ; 5.151 ; 4.280 ; 4.969 ; 5.698 ;
; b[2]       ; z[3]        ; 4.805 ; 4.433 ; 5.129 ; 5.359 ;
; b[2]       ; z[4]        ; 4.799 ; 4.211 ; 4.895 ; 5.331 ;
; b[2]       ; z[5]        ; 4.987 ; 4.243 ; 4.907 ; 5.544 ;
; b[2]       ; z[6]        ; 6.004 ; 5.029 ; 5.747 ; 6.559 ;
; b[2]       ; z[7]        ; 5.051 ; 4.472 ; 5.180 ; 5.567 ;
; b[2]       ; z[8]        ; 4.986 ; 4.415 ; 5.105 ; 5.526 ;
; b[2]       ; z[9]        ; 4.887 ; 4.230 ; 4.856 ; 5.497 ;
; b[3]       ; z[0]        ; 4.889 ; 4.250 ; 4.957 ; 5.462 ;
; b[3]       ; z[1]        ; 5.080 ; 4.432 ; 5.158 ; 5.641 ;
; b[3]       ; z[2]        ; 5.218 ; 4.350 ; 5.074 ; 5.810 ;
; b[3]       ; z[3]        ; 4.882 ; 4.619 ; 5.370 ; 5.472 ;
; b[3]       ; z[4]        ; 5.086 ; 4.278 ; 5.007 ; 5.657 ;
; b[3]       ; z[5]        ; 5.581 ; 4.552 ; 5.285 ; 6.213 ;
; b[3]       ; z[6]        ; 6.109 ; 5.623 ; 6.424 ; 6.681 ;
; b[3]       ; z[7]        ; 5.333 ; 4.665 ; 5.429 ; 5.912 ;
; b[3]       ; z[8]        ; 5.208 ; 4.612 ; 5.344 ; 5.815 ;
; b[3]       ; z[9]        ; 5.072 ; 4.528 ; 5.211 ; 5.733 ;
; b[4]       ; z[0]        ; 4.781 ; 4.139 ; 4.828 ; 5.337 ;
; b[4]       ; z[1]        ; 5.022 ; 4.331 ; 5.015 ; 5.549 ;
; b[4]       ; z[2]        ; 5.045 ; 4.272 ; 4.959 ; 5.586 ;
; b[4]       ; z[3]        ; 4.878 ; 4.233 ; 4.911 ; 5.443 ;
; b[4]       ; z[4]        ; 5.021 ; 4.299 ; 5.000 ; 5.593 ;
; b[4]       ; z[5]        ; 5.092 ; 4.625 ; 5.334 ; 5.664 ;
; b[4]       ; z[6]        ; 6.177 ; 5.134 ; 5.867 ; 6.717 ;
; b[4]       ; z[7]        ; 5.178 ; 4.677 ; 5.397 ; 5.722 ;
; b[4]       ; z[8]        ; 5.065 ; 4.645 ; 5.353 ; 5.627 ;
; b[4]       ; z[9]        ; 4.800 ; 4.310 ; 4.955 ; 5.391 ;
; b[5]       ; z[0]        ; 5.037 ; 4.003 ; 4.682 ; 5.621 ;
; b[5]       ; z[1]        ; 4.891 ; 4.332 ; 5.040 ; 5.439 ;
; b[5]       ; z[2]        ; 4.862 ; 4.166 ; 4.871 ; 5.389 ;
; b[5]       ; z[3]        ; 4.810 ; 4.026 ; 4.701 ; 5.379 ;
; b[5]       ; z[4]        ; 4.902 ; 4.176 ; 4.885 ; 5.456 ;
; b[5]       ; z[5]        ; 4.997 ; 4.442 ; 5.155 ; 5.538 ;
; b[5]       ; z[6]        ; 5.493 ; 5.135 ; 5.880 ; 5.978 ;
; b[5]       ; z[7]        ; 4.738 ; 4.057 ; 4.738 ; 5.250 ;
; b[5]       ; z[8]        ; 4.646 ; 4.016 ; 4.682 ; 5.187 ;
; b[5]       ; z[9]        ; 4.359 ; 3.958 ; 4.578 ; 4.922 ;
+------------+-------------+-------+-------+-------+-------+


+------------------------------------------------------------------------------------------------------------------------------------------------------------------------------------------------------------------------------------------------------------------------------------------------------------------------------------------------------------------------------------------------------------------+
; Board Trace Model Assignments                                                                                                                                                                                                                                                                                                                                                                                    ;
+---------------+--------------+-------------------+-------------------------+-------------------------+---------------+---------------------+----------------+------------------+--------+------------------+------------------------+------------------------+--------------+---------------+-----------------+-------+---------------------+--------------------+---------------+-----------------+-------------+
; Pin           ; I/O Standard ; Near Tline Length ; Near Tline L per Length ; Near Tline C per Length ; Near Series R ; Near Differential R ; Near Pull-up R ; Near Pull-down R ; Near C ; Far Tline Length ; Far Tline L per Length ; Far Tline C per Length ; Far Series R ; Far Pull-up R ; Far Pull-down R ; Far C ; Termination Voltage ; Far Differential R ; EBD File Name ; EBD Signal Name ; EBD Far-end ;
+---------------+--------------+-------------------+-------------------------+-------------------------+---------------+---------------------+----------------+------------------+--------+------------------+------------------------+------------------------+--------------+---------------+-----------------+-------+---------------------+--------------------+---------------+-----------------+-------------+
; z[0]          ; 2.5 V        ; 0 in              ; 0 H/in                  ; 0 F/in                  ; short         ; -                   ; open           ; open             ; open   ; 0 in             ; 0 H/in                 ; 0 F/in                 ; short        ; open          ; open            ; open  ; 0 V                 ; -                  ; n/a           ; n/a             ; n/a         ;
; z[1]          ; 2.5 V        ; 0 in              ; 0 H/in                  ; 0 F/in                  ; short         ; -                   ; open           ; open             ; open   ; 0 in             ; 0 H/in                 ; 0 F/in                 ; short        ; open          ; open            ; open  ; 0 V                 ; -                  ; n/a           ; n/a             ; n/a         ;
; z[2]          ; 2.5 V        ; 0 in              ; 0 H/in                  ; 0 F/in                  ; short         ; -                   ; open           ; open             ; open   ; 0 in             ; 0 H/in                 ; 0 F/in                 ; short        ; open          ; open            ; open  ; 0 V                 ; -                  ; n/a           ; n/a             ; n/a         ;
; z[3]          ; 2.5 V        ; 0 in              ; 0 H/in                  ; 0 F/in                  ; short         ; -                   ; open           ; open             ; open   ; 0 in             ; 0 H/in                 ; 0 F/in                 ; short        ; open          ; open            ; open  ; 0 V                 ; -                  ; n/a           ; n/a             ; n/a         ;
; z[4]          ; 2.5 V        ; 0 in              ; 0 H/in                  ; 0 F/in                  ; short         ; -                   ; open           ; open             ; open   ; 0 in             ; 0 H/in                 ; 0 F/in                 ; short        ; open          ; open            ; open  ; 0 V                 ; -                  ; n/a           ; n/a             ; n/a         ;
; z[5]          ; 2.5 V        ; 0 in              ; 0 H/in                  ; 0 F/in                  ; short         ; -                   ; open           ; open             ; open   ; 0 in             ; 0 H/in                 ; 0 F/in                 ; short        ; open          ; open            ; open  ; 0 V                 ; -                  ; n/a           ; n/a             ; n/a         ;
; z[6]          ; 2.5 V        ; 0 in              ; 0 H/in                  ; 0 F/in                  ; short         ; -                   ; open           ; open             ; open   ; 0 in             ; 0 H/in                 ; 0 F/in                 ; short        ; open          ; open            ; open  ; 0 V                 ; -                  ; n/a           ; n/a             ; n/a         ;
; z[7]          ; 2.5 V        ; 0 in              ; 0 H/in                  ; 0 F/in                  ; short         ; -                   ; open           ; open             ; open   ; 0 in             ; 0 H/in                 ; 0 F/in                 ; short        ; open          ; open            ; open  ; 0 V                 ; -                  ; n/a           ; n/a             ; n/a         ;
; z[8]          ; 2.5 V        ; 0 in              ; 0 H/in                  ; 0 F/in                  ; short         ; -                   ; open           ; open             ; open   ; 0 in             ; 0 H/in                 ; 0 F/in                 ; short        ; open          ; open            ; open  ; 0 V                 ; -                  ; n/a           ; n/a             ; n/a         ;
; z[9]          ; 2.5 V        ; 0 in              ; 0 H/in                  ; 0 F/in                  ; short         ; -                   ; open           ; open             ; open   ; 0 in             ; 0 H/in                 ; 0 F/in                 ; short        ; open          ; open            ; open  ; 0 V                 ; -                  ; n/a           ; n/a             ; n/a         ;
; ~ALTERA_DCLK~ ; 2.5 V        ; 0 in              ; 0 H/in                  ; 0 F/in                  ; short         ; -                   ; open           ; open             ; open   ; 0 in             ; 0 H/in                 ; 0 F/in                 ; short        ; open          ; open            ; open  ; 0 V                 ; -                  ; n/a           ; n/a             ; n/a         ;
; ~ALTERA_nCEO~ ; 2.5 V        ; 0 in              ; 0 H/in                  ; 0 F/in                  ; short         ; -                   ; open           ; open             ; open   ; 0 in             ; 0 H/in                 ; 0 F/in                 ; short        ; open          ; open            ; open  ; 0 V                 ; -                  ; n/a           ; n/a             ; n/a         ;
+---------------+--------------+-------------------+-------------------------+-------------------------+---------------+---------------------+----------------+------------------+--------+------------------+------------------------+------------------------+--------------+---------------+-----------------+-------+---------------------+--------------------+---------------+-----------------+-------------+


+----------------------------------------------------------------------------+
; Input Transition Times                                                     ;
+-------------------------+--------------+-----------------+-----------------+
; Pin                     ; I/O Standard ; 10-90 Rise Time ; 90-10 Fall Time ;
+-------------------------+--------------+-----------------+-----------------+
; a[3]                    ; 2.5 V        ; 2000 ps         ; 2000 ps         ;
; b[0]                    ; 2.5 V        ; 2000 ps         ; 2000 ps         ;
; b[5]                    ; 2.5 V        ; 2000 ps         ; 2000 ps         ;
; b[4]                    ; 2.5 V        ; 2000 ps         ; 2000 ps         ;
; b[3]                    ; 2.5 V        ; 2000 ps         ; 2000 ps         ;
; b[2]                    ; 2.5 V        ; 2000 ps         ; 2000 ps         ;
; b[1]                    ; 2.5 V        ; 2000 ps         ; 2000 ps         ;
; a[5]                    ; 2.5 V        ; 2000 ps         ; 2000 ps         ;
; a[4]                    ; 2.5 V        ; 2000 ps         ; 2000 ps         ;
; a[2]                    ; 2.5 V        ; 2000 ps         ; 2000 ps         ;
; a[1]                    ; 2.5 V        ; 2000 ps         ; 2000 ps         ;
; a[0]                    ; 2.5 V        ; 2000 ps         ; 2000 ps         ;
; ~ALTERA_ASDO_DATA1~     ; 2.5 V        ; 2000 ps         ; 2000 ps         ;
; ~ALTERA_FLASH_nCE_nCSO~ ; 2.5 V        ; 2000 ps         ; 2000 ps         ;
; ~ALTERA_DATA0~          ; 2.5 V        ; 2000 ps         ; 2000 ps         ;
+-------------------------+--------------+-----------------+-----------------+


+--------------------------------------------------------------------------------------------------------------------------------------------------------------------------------------------------------------------------------------------------------------------------------------------------------------------------------------------------------------------------------------------------------------------------------------------------------------------------------------------------------------------------------------------------------------------------------------------------------------------------------------------------------------------------------------------+
; Slow Corner Signal Integrity Metrics                                                                                                                                                                                                                                                                                                                                                                                                                                                                                                                                                                                                                                                       ;
+---------------+--------------+---------------------+---------------------+------------------------------+------------------------------+---------------------+---------------------+--------------------------------------+--------------------------------------+-----------------------------+-----------------------------+----------------------------+----------------------------+-----------------------------+-----------------------------+--------------------+--------------------+-------------------------------------+-------------------------------------+----------------------------+----------------------------+---------------------------+---------------------------+
; Pin           ; I/O Standard ; Board Delay on Rise ; Board Delay on Fall ; Steady State Voh at FPGA Pin ; Steady State Vol at FPGA Pin ; Voh Max at FPGA Pin ; Vol Min at FPGA Pin ; Ringback Voltage on Rise at FPGA Pin ; Ringback Voltage on Fall at FPGA Pin ; 10-90 Rise Time at FPGA Pin ; 90-10 Fall Time at FPGA Pin ; Monotonic Rise at FPGA Pin ; Monotonic Fall at FPGA Pin ; Steady State Voh at Far-end ; Steady State Vol at Far-end ; Voh Max at Far-end ; Vol Min at Far-end ; Ringback Voltage on Rise at Far-end ; Ringback Voltage on Fall at Far-end ; 10-90 Rise Time at Far-end ; 90-10 Fall Time at Far-end ; Monotonic Rise at Far-end ; Monotonic Fall at Far-end ;
+---------------+--------------+---------------------+---------------------+------------------------------+------------------------------+---------------------+---------------------+--------------------------------------+--------------------------------------+-----------------------------+-----------------------------+----------------------------+----------------------------+-----------------------------+-----------------------------+--------------------+--------------------+-------------------------------------+-------------------------------------+----------------------------+----------------------------+---------------------------+---------------------------+
; z[0]          ; 2.5 V        ; 0 s                 ; 0 s                 ; 2.32 V                       ; 3.66e-07 V                   ; 2.35 V              ; -0.00828 V          ; 0.118 V                              ; 0.032 V                              ; 6.66e-10 s                  ; 6.27e-10 s                  ; Yes                        ; Yes                        ; 2.32 V                      ; 3.66e-07 V                  ; 2.35 V             ; -0.00828 V         ; 0.118 V                             ; 0.032 V                             ; 6.66e-10 s                 ; 6.27e-10 s                 ; Yes                       ; Yes                       ;
; z[1]          ; 2.5 V        ; 0 s                 ; 0 s                 ; 2.32 V                       ; 5.43e-07 V                   ; 2.35 V              ; -0.00795 V          ; 0.123 V                              ; 0.028 V                              ; 4.64e-10 s                  ; 4.47e-10 s                  ; Yes                        ; Yes                        ; 2.32 V                      ; 5.43e-07 V                  ; 2.35 V             ; -0.00795 V         ; 0.123 V                             ; 0.028 V                             ; 4.64e-10 s                 ; 4.47e-10 s                 ; Yes                       ; Yes                       ;
; z[2]          ; 2.5 V        ; 0 s                 ; 0 s                 ; 2.32 V                       ; 3.66e-07 V                   ; 2.35 V              ; -0.00828 V          ; 0.118 V                              ; 0.032 V                              ; 6.66e-10 s                  ; 6.27e-10 s                  ; Yes                        ; Yes                        ; 2.32 V                      ; 3.66e-07 V                  ; 2.35 V             ; -0.00828 V         ; 0.118 V                             ; 0.032 V                             ; 6.66e-10 s                 ; 6.27e-10 s                 ; Yes                       ; Yes                       ;
; z[3]          ; 2.5 V        ; 0 s                 ; 0 s                 ; 2.32 V                       ; 3.66e-07 V                   ; 2.35 V              ; -0.00828 V          ; 0.118 V                              ; 0.032 V                              ; 6.66e-10 s                  ; 6.27e-10 s                  ; Yes                        ; Yes                        ; 2.32 V                      ; 3.66e-07 V                  ; 2.35 V             ; -0.00828 V         ; 0.118 V                             ; 0.032 V                             ; 6.66e-10 s                 ; 6.27e-10 s                 ; Yes                       ; Yes                       ;
; z[4]          ; 2.5 V        ; 0 s                 ; 0 s                 ; 2.32 V                       ; 3.66e-07 V                   ; 2.35 V              ; -0.00828 V          ; 0.118 V                              ; 0.032 V                              ; 6.66e-10 s                  ; 6.27e-10 s                  ; Yes                        ; Yes                        ; 2.32 V                      ; 3.66e-07 V                  ; 2.35 V             ; -0.00828 V         ; 0.118 V                             ; 0.032 V                             ; 6.66e-10 s                 ; 6.27e-10 s                 ; Yes                       ; Yes                       ;
; z[5]          ; 2.5 V        ; 0 s                 ; 0 s                 ; 2.32 V                       ; 5.43e-07 V                   ; 2.35 V              ; -0.00795 V          ; 0.123 V                              ; 0.028 V                              ; 4.64e-10 s                  ; 4.47e-10 s                  ; Yes                        ; Yes                        ; 2.32 V                      ; 5.43e-07 V                  ; 2.35 V             ; -0.00795 V         ; 0.123 V                             ; 0.028 V                             ; 4.64e-10 s                 ; 4.47e-10 s                 ; Yes                       ; Yes                       ;
; z[6]          ; 2.5 V        ; 0 s                 ; 0 s                 ; 2.32 V                       ; 3.66e-07 V                   ; 2.33 V              ; -0.0027 V           ; 0.131 V                              ; 0.055 V                              ; 3.54e-09 s                  ; 3.29e-09 s                  ; Yes                        ; Yes                        ; 2.32 V                      ; 3.66e-07 V                  ; 2.33 V             ; -0.0027 V          ; 0.131 V                             ; 0.055 V                             ; 3.54e-09 s                 ; 3.29e-09 s                 ; Yes                       ; Yes                       ;
; z[7]          ; 2.5 V        ; 0 s                 ; 0 s                 ; 2.32 V                       ; 3.66e-07 V                   ; 2.35 V              ; -0.00828 V          ; 0.118 V                              ; 0.032 V                              ; 6.66e-10 s                  ; 6.27e-10 s                  ; Yes                        ; Yes                        ; 2.32 V                      ; 3.66e-07 V                  ; 2.35 V             ; -0.00828 V         ; 0.118 V                             ; 0.032 V                             ; 6.66e-10 s                 ; 6.27e-10 s                 ; Yes                       ; Yes                       ;
; z[8]          ; 2.5 V        ; 0 s                 ; 0 s                 ; 2.32 V                       ; 3.66e-07 V                   ; 2.36 V              ; -0.00376 V          ; 0.11 V                               ; 0.005 V                              ; 4.55e-10 s                  ; 4.36e-10 s                  ; Yes                        ; Yes                        ; 2.32 V                      ; 3.66e-07 V                  ; 2.36 V             ; -0.00376 V         ; 0.11 V                              ; 0.005 V                             ; 4.55e-10 s                 ; 4.36e-10 s                 ; Yes                       ; Yes                       ;
; z[9]          ; 2.5 V        ; 0 s                 ; 0 s                 ; 2.32 V                       ; 3.66e-07 V                   ; 2.36 V              ; -0.00376 V          ; 0.11 V                               ; 0.005 V                              ; 4.55e-10 s                  ; 4.36e-10 s                  ; Yes                        ; Yes                        ; 2.32 V                      ; 3.66e-07 V                  ; 2.36 V             ; -0.00376 V         ; 0.11 V                              ; 0.005 V                             ; 4.55e-10 s                 ; 4.36e-10 s                 ; Yes                       ; Yes                       ;
; ~ALTERA_DCLK~ ; 2.5 V        ; 0 s                 ; 0 s                 ; 2.32 V                       ; 2.92e-07 V                   ; 2.35 V              ; -0.0133 V           ; 0.084 V                              ; 0.028 V                              ; 4.31e-10 s                  ; 3.59e-10 s                  ; Yes                        ; Yes                        ; 2.32 V                      ; 2.92e-07 V                  ; 2.35 V             ; -0.0133 V          ; 0.084 V                             ; 0.028 V                             ; 4.31e-10 s                 ; 3.59e-10 s                 ; Yes                       ; Yes                       ;
; ~ALTERA_nCEO~ ; 2.5 V        ; 0 s                 ; 0 s                 ; 2.32 V                       ; 4.8e-07 V                    ; 2.35 V              ; -0.00679 V          ; 0.09 V                               ; 0.045 V                              ; 6.2e-10 s                   ; 7.91e-10 s                  ; Yes                        ; Yes                        ; 2.32 V                      ; 4.8e-07 V                   ; 2.35 V             ; -0.00679 V         ; 0.09 V                              ; 0.045 V                             ; 6.2e-10 s                  ; 7.91e-10 s                 ; Yes                       ; Yes                       ;
+---------------+--------------+---------------------+---------------------+------------------------------+------------------------------+---------------------+---------------------+--------------------------------------+--------------------------------------+-----------------------------+-----------------------------+----------------------------+----------------------------+-----------------------------+-----------------------------+--------------------+--------------------+-------------------------------------+-------------------------------------+----------------------------+----------------------------+---------------------------+---------------------------+


+--------------------------------------------------------------------------------------------------------------------------------------------------------------------------------------------------------------------------------------------------------------------------------------------------------------------------------------------------------------------------------------------------------------------------------------------------------------------------------------------------------------------------------------------------------------------------------------------------------------------------------------------------------------------------------------------+
; Fast Corner Signal Integrity Metrics                                                                                                                                                                                                                                                                                                                                                                                                                                                                                                                                                                                                                                                       ;
+---------------+--------------+---------------------+---------------------+------------------------------+------------------------------+---------------------+---------------------+--------------------------------------+--------------------------------------+-----------------------------+-----------------------------+----------------------------+----------------------------+-----------------------------+-----------------------------+--------------------+--------------------+-------------------------------------+-------------------------------------+----------------------------+----------------------------+---------------------------+---------------------------+
; Pin           ; I/O Standard ; Board Delay on Rise ; Board Delay on Fall ; Steady State Voh at FPGA Pin ; Steady State Vol at FPGA Pin ; Voh Max at FPGA Pin ; Vol Min at FPGA Pin ; Ringback Voltage on Rise at FPGA Pin ; Ringback Voltage on Fall at FPGA Pin ; 10-90 Rise Time at FPGA Pin ; 90-10 Fall Time at FPGA Pin ; Monotonic Rise at FPGA Pin ; Monotonic Fall at FPGA Pin ; Steady State Voh at Far-end ; Steady State Vol at Far-end ; Voh Max at Far-end ; Vol Min at Far-end ; Ringback Voltage on Rise at Far-end ; Ringback Voltage on Fall at Far-end ; 10-90 Rise Time at Far-end ; 90-10 Fall Time at Far-end ; Monotonic Rise at Far-end ; Monotonic Fall at Far-end ;
+---------------+--------------+---------------------+---------------------+------------------------------+------------------------------+---------------------+---------------------+--------------------------------------+--------------------------------------+-----------------------------+-----------------------------+----------------------------+----------------------------+-----------------------------+-----------------------------+--------------------+--------------------+-------------------------------------+-------------------------------------+----------------------------+----------------------------+---------------------------+---------------------------+
; z[0]          ; 2.5 V        ; 0 s                 ; 0 s                 ; 2.62 V                       ; 2.7e-08 V                    ; 2.71 V              ; -0.0354 V           ; 0.148 V                              ; 0.064 V                              ; 4.51e-10 s                  ; 4.14e-10 s                  ; No                         ; Yes                        ; 2.62 V                      ; 2.7e-08 V                   ; 2.71 V             ; -0.0354 V          ; 0.148 V                             ; 0.064 V                             ; 4.51e-10 s                 ; 4.14e-10 s                 ; No                        ; Yes                       ;
; z[1]          ; 2.5 V        ; 0 s                 ; 0 s                 ; 2.62 V                       ; 4.02e-08 V                   ; 2.71 V              ; -0.0354 V           ; 0.174 V                              ; 0.098 V                              ; 2.73e-10 s                  ; 2.69e-10 s                  ; Yes                        ; Yes                        ; 2.62 V                      ; 4.02e-08 V                  ; 2.71 V             ; -0.0354 V          ; 0.174 V                             ; 0.098 V                             ; 2.73e-10 s                 ; 2.69e-10 s                 ; Yes                       ; Yes                       ;
; z[2]          ; 2.5 V        ; 0 s                 ; 0 s                 ; 2.62 V                       ; 2.7e-08 V                    ; 2.71 V              ; -0.0354 V           ; 0.148 V                              ; 0.064 V                              ; 4.51e-10 s                  ; 4.14e-10 s                  ; No                         ; Yes                        ; 2.62 V                      ; 2.7e-08 V                   ; 2.71 V             ; -0.0354 V          ; 0.148 V                             ; 0.064 V                             ; 4.51e-10 s                 ; 4.14e-10 s                 ; No                        ; Yes                       ;
; z[3]          ; 2.5 V        ; 0 s                 ; 0 s                 ; 2.62 V                       ; 2.7e-08 V                    ; 2.71 V              ; -0.0354 V           ; 0.148 V                              ; 0.064 V                              ; 4.51e-10 s                  ; 4.14e-10 s                  ; No                         ; Yes                        ; 2.62 V                      ; 2.7e-08 V                   ; 2.71 V             ; -0.0354 V          ; 0.148 V                             ; 0.064 V                             ; 4.51e-10 s                 ; 4.14e-10 s                 ; No                        ; Yes                       ;
; z[4]          ; 2.5 V        ; 0 s                 ; 0 s                 ; 2.62 V                       ; 2.7e-08 V                    ; 2.71 V              ; -0.0354 V           ; 0.148 V                              ; 0.064 V                              ; 4.51e-10 s                  ; 4.14e-10 s                  ; No                         ; Yes                        ; 2.62 V                      ; 2.7e-08 V                   ; 2.71 V             ; -0.0354 V          ; 0.148 V                             ; 0.064 V                             ; 4.51e-10 s                 ; 4.14e-10 s                 ; No                        ; Yes                       ;
; z[5]          ; 2.5 V        ; 0 s                 ; 0 s                 ; 2.62 V                       ; 4.02e-08 V                   ; 2.71 V              ; -0.0354 V           ; 0.174 V                              ; 0.098 V                              ; 2.73e-10 s                  ; 2.69e-10 s                  ; Yes                        ; Yes                        ; 2.62 V                      ; 4.02e-08 V                  ; 2.71 V             ; -0.0354 V          ; 0.174 V                             ; 0.098 V                             ; 2.73e-10 s                 ; 2.69e-10 s                 ; Yes                       ; Yes                       ;
; z[6]          ; 2.5 V        ; 0 s                 ; 0 s                 ; 2.62 V                       ; 2.7e-08 V                    ; 2.64 V              ; -0.0118 V           ; 0.201 V                              ; 0.175 V                              ; 2.38e-09 s                  ; 2.21e-09 s                  ; No                         ; Yes                        ; 2.62 V                      ; 2.7e-08 V                   ; 2.64 V             ; -0.0118 V          ; 0.201 V                             ; 0.175 V                             ; 2.38e-09 s                 ; 2.21e-09 s                 ; No                        ; Yes                       ;
; z[7]          ; 2.5 V        ; 0 s                 ; 0 s                 ; 2.62 V                       ; 2.7e-08 V                    ; 2.71 V              ; -0.0354 V           ; 0.148 V                              ; 0.064 V                              ; 4.51e-10 s                  ; 4.14e-10 s                  ; No                         ; Yes                        ; 2.62 V                      ; 2.7e-08 V                   ; 2.71 V             ; -0.0354 V          ; 0.148 V                             ; 0.064 V                             ; 4.51e-10 s                 ; 4.14e-10 s                 ; No                        ; Yes                       ;
; z[8]          ; 2.5 V        ; 0 s                 ; 0 s                 ; 2.62 V                       ; 2.7e-08 V                    ; 2.72 V              ; -0.0401 V           ; 0.163 V                              ; 0.091 V                              ; 2.71e-10 s                  ; 2.61e-10 s                  ; Yes                        ; Yes                        ; 2.62 V                      ; 2.7e-08 V                   ; 2.72 V             ; -0.0401 V          ; 0.163 V                             ; 0.091 V                             ; 2.71e-10 s                 ; 2.61e-10 s                 ; Yes                       ; Yes                       ;
; z[9]          ; 2.5 V        ; 0 s                 ; 0 s                 ; 2.62 V                       ; 2.7e-08 V                    ; 2.72 V              ; -0.0401 V           ; 0.163 V                              ; 0.091 V                              ; 2.71e-10 s                  ; 2.61e-10 s                  ; Yes                        ; Yes                        ; 2.62 V                      ; 2.7e-08 V                   ; 2.72 V             ; -0.0401 V          ; 0.163 V                             ; 0.091 V                             ; 2.71e-10 s                 ; 2.61e-10 s                 ; Yes                       ; Yes                       ;
; ~ALTERA_DCLK~ ; 2.5 V        ; 0 s                 ; 0 s                 ; 2.62 V                       ; 2.2e-08 V                    ; 2.74 V              ; -0.061 V            ; 0.159 V                              ; 0.078 V                              ; 2.7e-10 s                   ; 2.2e-10 s                   ; No                         ; Yes                        ; 2.62 V                      ; 2.2e-08 V                   ; 2.74 V             ; -0.061 V           ; 0.159 V                             ; 0.078 V                             ; 2.7e-10 s                  ; 2.2e-10 s                  ; No                        ; Yes                       ;
; ~ALTERA_nCEO~ ; 2.5 V        ; 0 s                 ; 0 s                 ; 2.62 V                       ; 3.52e-08 V                   ; 2.7 V               ; -0.0121 V           ; 0.274 V                              ; 0.034 V                              ; 3.18e-10 s                  ; 4.96e-10 s                  ; No                         ; Yes                        ; 2.62 V                      ; 3.52e-08 V                  ; 2.7 V              ; -0.0121 V          ; 0.274 V                             ; 0.034 V                             ; 3.18e-10 s                 ; 4.96e-10 s                 ; No                        ; Yes                       ;
+---------------+--------------+---------------------+---------------------+------------------------------+------------------------------+---------------------+---------------------+--------------------------------------+--------------------------------------+-----------------------------+-----------------------------+----------------------------+----------------------------+-----------------------------+-----------------------------+--------------------+--------------------+-------------------------------------+-------------------------------------+----------------------------+----------------------------+---------------------------+---------------------------+


-------------------
; Clock Transfers ;
-------------------
Nothing to report.


---------------
; Report TCCS ;
---------------
No dedicated SERDES Transmitter circuitry present in device or used in design


---------------
; Report RSKM ;
---------------
No dedicated SERDES Receiver circuitry present in device or used in design


+------------------------------------------------+
; Unconstrained Paths                            ;
+---------------------------------+-------+------+
; Property                        ; Setup ; Hold ;
+---------------------------------+-------+------+
; Illegal Clocks                  ; 0     ; 0    ;
; Unconstrained Clocks            ; 0     ; 0    ;
; Unconstrained Input Ports       ; 12    ; 12   ;
; Unconstrained Input Port Paths  ; 99    ; 99   ;
; Unconstrained Output Ports      ; 10    ; 10   ;
; Unconstrained Output Port Paths ; 99    ; 99   ;
+---------------------------------+-------+------+


+------------------------------------+
; TimeQuest Timing Analyzer Messages ;
+------------------------------------+
Info: *******************************************************************
Info: Running Quartus II 64-Bit TimeQuest Timing Analyzer
    Info: Version 13.0.1 Build 232 06/12/2013 Service Pack 1 SJ Web Edition
    Info: Processing started: Thu Nov 07 12:44:01 2024
Info: Command: quartus_sta parte_f -c parte_f
Info: qsta_default_script.tcl version: #1
Warning (20028): Parallel compilation is not licensed and has been disabled
Info (21077): Core supply voltage is 1.2V
Info (21077): Low junction temperature is 0 degrees C
Info (21077): High junction temperature is 85 degrees C
Critical Warning (332012): Synopsys Design Constraints File file not found: 'parte_f.sdc'. A Synopsys Design Constraints File is required by the TimeQuest Timing Analyzer to get proper timing constraints. Without it, the Compiler will not properly optimize the design.
Info (332142): No user constrained base clocks found in the design. Calling "derive_clocks -period 1.0"
Info (332096): The command derive_clocks did not find any clocks to derive.  No clocks were created or changed.
Warning (332068): No clocks defined in design.
Info (332143): No user constrained clock uncertainty found in the design. Calling "derive_clock_uncertainty"
Info (332154): The derive_clock_uncertainty command did not apply clock uncertainty to any clock-to-clock transfers.
Info: Found TIMEQUEST_REPORT_SCRIPT_INCLUDE_DEFAULT_ANALYSIS = ON
Info (332159): No clocks to report
Info: Analyzing Slow 1200mV 85C Model
Info (332140): No fmax paths to report
Info (332140): No Setup paths to report
Info (332140): No Hold paths to report
Info (332140): No Recovery paths to report
Info (332140): No Removal paths to report
Info (332140): No Minimum Pulse Width paths to report
Info: Analyzing Slow 1200mV 0C Model
Info (334003): Started post-fitting delay annotation
Info (334004): Delay annotation completed successfully
Info (332142): No user constrained base clocks found in the design. Calling "derive_clocks -period 1.0"
Info (332096): The command derive_clocks did not find any clocks to derive.  No clocks were created or changed.
Warning (332068): No clocks defined in design.
Info (332154): The derive_clock_uncertainty command did not apply clock uncertainty to any clock-to-clock transfers.
Info (332140): No fmax paths to report
Info (332140): No Setup paths to report
Info (332140): No Hold paths to report
Info (332140): No Recovery paths to report
Info (332140): No Removal paths to report
Info (332140): No Minimum Pulse Width paths to report
Info: Analyzing Fast 1200mV 0C Model
Info (332142): No user constrained base clocks found in the design. Calling "derive_clocks -period 1.0"
Info (332096): The command derive_clocks did not find any clocks to derive.  No clocks were created or changed.
Warning (332068): No clocks defined in design.
Info (332154): The derive_clock_uncertainty command did not apply clock uncertainty to any clock-to-clock transfers.
Info (332140): No Setup paths to report
Info (332140): No Hold paths to report
Info (332140): No Recovery paths to report
Info (332140): No Removal paths to report
Info (332140): No Minimum Pulse Width paths to report
Info (332102): Design is not fully constrained for setup requirements
Info (332102): Design is not fully constrained for hold requirements
Info: Quartus II 64-Bit TimeQuest Timing Analyzer was successful. 0 errors, 5 warnings
    Info: Peak virtual memory: 4648 megabytes
    Info: Processing ended: Thu Nov 07 12:44:03 2024
    Info: Elapsed time: 00:00:02
    Info: Total CPU time (on all processors): 00:00:02


